Archive member included because of file (symbol)

libbb/lib.a(appletlib.o)      /home/simon/GIT/buildroot-k3-current/output/host/usr/arm-buildroot-linux-gnueabi/sysroot/usr/lib/crt1.o (main)
libbb/lib.a(concat_path_file.o)
                              libbb/lib.a(appletlib.o) (concat_path_file)
libbb/lib.a(default_error_retval.o)
                              libbb/lib.a(appletlib.o) (xfunc_error_retval)
libbb/lib.a(get_last_path_component.o)
                              libbb/lib.a(appletlib.o) (bb_get_last_path_component_nostrip)
libbb/lib.a(last_char_is.o)   libbb/lib.a(concat_path_file.o) (last_char_is)
libbb/lib.a(messages.o)       libbb/lib.a(appletlib.o) (bb_banner)
libbb/lib.a(perror_msg.o)     libbb/lib.a(appletlib.o) (bb_simple_perror_msg)
libbb/lib.a(ptr_to_globals.o)
                              libbb/lib.a(appletlib.o) (bb_errno)
libbb/lib.a(verror_msg.o)     libbb/lib.a(perror_msg.o) (bb_verror_msg)
libbb/lib.a(xfunc_die.o)      libbb/lib.a(appletlib.o) (xfunc_die)
libbb/lib.a(xfuncs.o)         libbb/lib.a(appletlib.o) (get_terminal_width_height)
libbb/lib.a(xfuncs_printf.o)  libbb/lib.a(appletlib.o) (xsetuid)
libbb/lib.a(xreadlink.o)      libbb/lib.a(appletlib.o) (xmalloc_readlink)
libbb/lib.a(copyfd.o)         libbb/lib.a(xfuncs_printf.o) (bb_copyfd_eof)
libbb/lib.a(full_write.o)     libbb/lib.a(verror_msg.o) (full_write)
libbb/lib.a(read.o)           libbb/lib.a(copyfd.o) (safe_read)
libbb/lib.a(safe_write.o)     libbb/lib.a(full_write.o) (safe_write)
libbb/lib.a(time.o)           libbb/lib.a(xfuncs_printf.o) (monotonic_us)
libbb/lib.a(bb_strtonum.o)    libbb/lib.a(time.o) (bb_strtol)
loginutils/lib.a(addgroup.o)  libbb/lib.a(appletlib.o) (addgroup_main)
loginutils/lib.a(adduser.o)   libbb/lib.a(appletlib.o) (adduser_main)
loginutils/lib.a(deluser.o)   libbb/lib.a(appletlib.o) (deluser_main)
loginutils/lib.a(getty.o)     libbb/lib.a(appletlib.o) (getty_main)
loginutils/lib.a(login.o)     libbb/lib.a(appletlib.o) (login_main)
loginutils/lib.a(passwd.o)    libbb/lib.a(appletlib.o) (passwd_main)
loginutils/lib.a(su.o)        libbb/lib.a(appletlib.o) (su_main)
loginutils/lib.a(sulogin.o)   libbb/lib.a(appletlib.o) (sulogin_main)
loginutils/lib.a(vlock.o)     libbb/lib.a(appletlib.o) (vlock_main)
miscutils/lib.a(chrt.o)       libbb/lib.a(appletlib.o) (chrt_main)
miscutils/lib.a(crond.o)      libbb/lib.a(appletlib.o) (crond_main)
miscutils/lib.a(crontab.o)    libbb/lib.a(appletlib.o) (crontab_main)
miscutils/lib.a(dc.o)         libbb/lib.a(appletlib.o) (dc_main)
miscutils/lib.a(devmem.o)     libbb/lib.a(appletlib.o) (devmem_main)
miscutils/lib.a(eject.o)      libbb/lib.a(appletlib.o) (eject_main)
miscutils/lib.a(hdparm.o)     libbb/lib.a(appletlib.o) (hdparm_main)
miscutils/lib.a(last.o)       libbb/lib.a(appletlib.o) (last_main)
miscutils/lib.a(less.o)       libbb/lib.a(appletlib.o) (less_main)
miscutils/lib.a(makedevs.o)   libbb/lib.a(appletlib.o) (makedevs_main)
miscutils/lib.a(microcom.o)   libbb/lib.a(appletlib.o) (microcom_main)
miscutils/lib.a(mountpoint.o)
                              libbb/lib.a(appletlib.o) (mountpoint_main)
miscutils/lib.a(mt.o)         libbb/lib.a(appletlib.o) (mt_main)
miscutils/lib.a(runlevel.o)   libbb/lib.a(appletlib.o) (runlevel_main)
miscutils/lib.a(setserial.o)  libbb/lib.a(appletlib.o) (setserial_main)
miscutils/lib.a(setsid.o)     libbb/lib.a(appletlib.o) (setsid_main)
miscutils/lib.a(strings.o)    libbb/lib.a(appletlib.o) (strings_main)
miscutils/lib.a(time.o)       libbb/lib.a(appletlib.o) (time_main)
miscutils/lib.a(watchdog.o)   libbb/lib.a(appletlib.o) (watchdog_main)
modutils/lib.a(insmod.o)      libbb/lib.a(appletlib.o) (insmod_main)
modutils/lib.a(lsmod.o)       libbb/lib.a(appletlib.o) (lsmod_main)
modutils/lib.a(modprobe.o)    libbb/lib.a(appletlib.o) (modprobe_main)
modutils/lib.a(modutils.o)    modutils/lib.a(modprobe.o) (replace)
modutils/lib.a(rmmod.o)       libbb/lib.a(appletlib.o) (rmmod_main)
networking/lib.a(arping.o)    libbb/lib.a(appletlib.o) (arping_main)
networking/lib.a(dnsd.o)      libbb/lib.a(appletlib.o) (dnsd_main)
networking/lib.a(ether-wake.o)
                              libbb/lib.a(appletlib.o) (ether_wake_main)
networking/lib.a(hostname.o)  libbb/lib.a(appletlib.o) (hostname_main)
networking/lib.a(ifconfig.o)  libbb/lib.a(appletlib.o) (ifconfig_main)
networking/lib.a(ifupdown.o)  libbb/lib.a(appletlib.o) (ifupdown_main)
networking/lib.a(inetd.o)     libbb/lib.a(appletlib.o) (inetd_main)
networking/lib.a(interface.o)
                              networking/lib.a(ifconfig.o) (display_interfaces)
networking/lib.a(ip.o)        libbb/lib.a(appletlib.o) (iptunnel_main)
networking/lib.a(nameif.o)    libbb/lib.a(appletlib.o) (nameif_main)
networking/lib.a(netstat.o)   libbb/lib.a(appletlib.o) (netstat_main)
networking/lib.a(nslookup.o)  libbb/lib.a(appletlib.o) (nslookup_main)
networking/lib.a(ping.o)      libbb/lib.a(appletlib.o) (ping_main)
networking/lib.a(route.o)     networking/lib.a(netstat.o) (bb_displayroutes)
[...]
Memory Configuration

Name             Origin             Length             Attributes
*default*        0x00000000         0xffffffff

Linker script and memory map

LOAD /home/simon/GIT/buildroot-k3-current/output/host/usr/arm-buildroot-linux-gnueabi/sysroot/usr/lib/crt1.o
LOAD /home/simon/GIT/buildroot-k3-current/output/host/usr/arm-buildroot-linux-gnueabi/sysroot/usr/lib/crti.o
LOAD /opt/arm-2007q3/bin/../lib/gcc/arm-none-linux-gnueabi/4.2.1/crtbegin.o
START GROUP
LOAD applets/built-in.o
LOAD archival/lib.a
LOAD archival/libarchive/lib.a
LOAD console-tools/lib.a
LOAD coreutils/lib.a
LOAD coreutils/libcoreutils/lib.a
LOAD debianutils/lib.a
LOAD e2fsprogs/lib.a
LOAD editors/lib.a
LOAD findutils/lib.a
LOAD init/lib.a
LOAD libbb/lib.a
LOAD libpwdgrp/lib.a
LOAD loginutils/lib.a
LOAD mailutils/lib.a
LOAD miscutils/lib.a
LOAD modutils/lib.a
LOAD networking/lib.a
LOAD networking/libiproute/lib.a
LOAD networking/udhcp/lib.a
LOAD printutils/lib.a
LOAD procps/lib.a
LOAD runit/lib.a
LOAD selinux/lib.a
LOAD shell/lib.a
LOAD sysklogd/lib.a
LOAD util-linux/lib.a
LOAD util-linux/volume_id/lib.a
LOAD archival/built-in.o
LOAD archival/libarchive/built-in.o
LOAD console-tools/built-in.o
LOAD coreutils/built-in.o
LOAD coreutils/libcoreutils/built-in.o
LOAD debianutils/built-in.o
LOAD e2fsprogs/built-in.o
LOAD editors/built-in.o
LOAD findutils/built-in.o
LOAD init/built-in.o
LOAD libbb/built-in.o
LOAD libpwdgrp/built-in.o
LOAD loginutils/built-in.o
LOAD mailutils/built-in.o
LOAD miscutils/built-in.o
LOAD modutils/built-in.o
LOAD networking/built-in.o
LOAD networking/libiproute/built-in.o
LOAD networking/udhcp/built-in.o
LOAD printutils/built-in.o
LOAD procps/built-in.o
LOAD runit/built-in.o
LOAD selinux/built-in.o
LOAD shell/built-in.o
LOAD sysklogd/built-in.o
LOAD util-linux/built-in.o
LOAD util-linux/volume_id/built-in.o
END GROUP
LOAD /opt/arm-2007q3/bin/../lib/gcc/arm-none-linux-gnueabi/4.2.1/libgcc.a
LOAD /opt/arm-2007q3/bin/../lib/gcc/arm-none-linux-gnueabi/4.2.1/libgcc_eh.a
LOAD /home/simon/GIT/buildroot-k3-current/output/host/usr/arm-buildroot-linux-gnueabi/sysroot/usr/lib/libc.so
START GROUP
LOAD /home/simon/GIT/buildroot-k3-current/output/host/usr/arm-buildroot-linux-gnueabi/sysroot/lib/libc.so.6
LOAD /home/simon/GIT/buildroot-k3-current/output/host/usr/arm-buildroot-linux-gnueabi/sysroot/usr/lib/libc_nonshared.a
LOAD /home/simon/GIT/buildroot-k3-current/output/host/usr/arm-buildroot-linux-gnueabi/sysroot/lib/ld-linux.so.3
END GROUP
LOAD /opt/arm-2007q3/bin/../lib/gcc/arm-none-linux-gnueabi/4.2.1/libgcc.a
LOAD /opt/arm-2007q3/bin/../lib/gcc/arm-none-linux-gnueabi/4.2.1/libgcc_eh.a
LOAD /opt/arm-2007q3/bin/../lib/gcc/arm-none-linux-gnueabi/4.2.1/crtend.o
LOAD /home/simon/GIT/buildroot-k3-current/output/host/usr/arm-buildroot-linux-gnueabi/sysroot/usr/lib/crtn.o
                0x00008000                PROVIDE (__executable_start, 0x8000)
                0x00008114                . = (0x8000 + SIZEOF_HEADERS)

.interp         0x00008114       0x13
 *(SORT(.interp))
 .interp        0x00008114       0x13 /home/simon/GIT/buildroot-k3-current/output/host/usr/arm-buildroot-linux-gnueabi/sysroot/usr/lib/crti.o

.note.gnu.build-id
 *(SORT(.note.gnu.build-id))

.hash           0x00008128      0x9a4
 *(SORT(.hash))
 .hash          0x00008128      0x9a4 /home/simon/GIT/buildroot-k3-current/output/host/usr/arm-buildroot-linux-gnueabi/sysroot/usr/lib/crti.o

.gnu.hash
 *(SORT(.gnu.hash))

.dynsym         0x00008acc     0x1600
 *(SORT(.dynsym))
 .dynsym        0x00008acc     0x1600 /home/simon/GIT/buildroot-k3-current/output/host/usr/arm-buildroot-linux-gnueabi/sysroot/usr/lib/crti.o

.dynstr         0x0000a0cc      0xbdd
 *(SORT(.dynstr))
 .dynstr        0x0000a0cc      0xbdd /home/simon/GIT/buildroot-k3-current/output/host/usr/arm-buildroot-linux-gnueabi/sysroot/usr/lib/crti.o

.gnu.version    0x0000acaa      0x2c0
 *(SORT(.gnu.version))
 .gnu.version   0x0000acaa      0x2c0 /home/simon/GIT/buildroot-k3-current/output/host/usr/arm-buildroot-linux-gnueabi/sysroot/usr/lib/crti.o

.gnu.version_d  0x0000af6c        0x0 load address 0x0000af6a
 *(SORT(.gnu.version_d))
 .gnu.version_d
                0x00000000        0x0 /home/simon/GIT/buildroot-k3-current/output/host/usr/arm-buildroot-linux-gnueabi/sysroot/usr/lib/crti.o

.gnu.version_r  0x0000af6c       0x20
 *(SORT(.gnu.version_r))
 .gnu.version_r
                0x0000af6c       0x20 /home/simon/GIT/buildroot-k3-current/output/host/usr/arm-buildroot-linux-gnueabi/sysroot/usr/lib/crti.o

.rel.dyn        0x0000af8c       0xd8
 *(SORT(.rel.init))
 *(SORT(.rel.text) SORT(.rel.text.*) SORT(.rel.gnu.linkonce.t.*))
 *(SORT(.rel.fini))
 *(SORT(.rel.rodata) SORT(.rel.rodata.*) SORT(.rel.gnu.linkonce.r.*))
 *(SORT(.rel.data.rel.ro*) SORT(.rel.gnu.linkonce.d.rel.ro.*))
 *(SORT(.rel.data) SORT(.rel.data.*) SORT(.rel.gnu.linkonce.d.*))
 *(SORT(.rel.tdata) SORT(.rel.tdata.*) SORT(.rel.gnu.linkonce.td.*))
 *(SORT(.rel.tbss) SORT(.rel.tbss.*) SORT(.rel.gnu.linkonce.tb.*))
 *(SORT(.rel.ctors))
 *(SORT(.rel.dtors))
 *(SORT(.rel.got))
 .rel.got       0x0000af8c       0xd8 /home/simon/GIT/buildroot-k3-current/output/host/usr/arm-buildroot-linux-gnueabi/sysroot/usr/lib/crti.o
 *(SORT(.rel.bss) SORT(.rel.bss.*) SORT(.rel.gnu.linkonce.b.*))
 .rel.bss       0x00000000        0x0 /home/simon/GIT/buildroot-k3-current/output/host/usr/arm-buildroot-linux-gnueabi/sysroot/usr/lib/crti.o

.rela.dyn
 *(SORT(.rela.init))
 *(SORT(.rela.text) SORT(.rela.text.*) SORT(.rela.gnu.linkonce.t.*))
 *(SORT(.rela.fini))
 *(SORT(.rela.rodata) SORT(.rela.rodata.*) SORT(.rela.gnu.linkonce.r.*))
 *(SORT(.rela.data) SORT(.rela.data.*) SORT(.rela.gnu.linkonce.d.*))
 *(SORT(.rela.tdata) SORT(.rela.tdata.*) SORT(.rela.gnu.linkonce.td.*))
 *(SORT(.rela.tbss) SORT(.rela.tbss.*) SORT(.rela.gnu.linkonce.tb.*))
 *(SORT(.rela.ctors))
 *(SORT(.rela.dtors))
 *(SORT(.rela.got))
 *(SORT(.rela.bss) SORT(.rela.bss.*) SORT(.rela.gnu.linkonce.b.*))

.rel.plt        0x0000b064      0xa30
 *(SORT(.rel.plt))
 .rel.plt       0x0000b064      0xa30 /home/simon/GIT/buildroot-k3-current/output/host/usr/arm-buildroot-linux-gnueabi/sysroot/usr/lib/crti.o

.rela.plt
 *(SORT(.rela.plt))

.init           0x0000ba94        0xc
 *(SORT(.init))
 .init          0x0000ba94        0x8 /home/simon/GIT/buildroot-k3-current/output/host/usr/arm-buildroot-linux-gnueabi/sysroot/usr/lib/crti.o
                0x0000ba94                _init
 .init          0x0000ba9c        0x4 /home/simon/GIT/buildroot-k3-current/output/host/usr/arm-buildroot-linux-gnueabi/sysroot/usr/lib/crtn.o

.plt            0x0000baa0      0xf5c
 *(SORT(.plt))
 .plt           0x0000baa0      0xf5c /home/simon/GIT/buildroot-k3-current/output/host/usr/arm-buildroot-linux-gnueabi/sysroot/usr/lib/crti.o
                0x0000bab4                pututline@@GLIBC_2.4
                0x0000bac0                getnameinfo@@GLIBC_2.4
                0x0000bacc                getpgrp@@GLIBC_2.4
                0x0000bad8                sync@@GLIBC_2.4
                0x0000bae4                if_nametoindex@@GLIBC_2.4
                0x0000baf0                qsort@@GLIBC_2.4
                0x0000bafc                sigemptyset@@GLIBC_2.4
                0x0000bb08                strerror@@GLIBC_2.4
                0x0000bb14                updwtmp@@GLIBC_2.4
                0x0000bb20                fileno@@GLIBC_2.4
                0x0000bb2c                inet_ntop@@GLIBC_2.4
                0x0000bb38                regfree@@GLIBC_2.4
                0x0000bb44                mkdir@@GLIBC_2.4
                0x0000bb50                __sigsetjmp@@GLIBC_2.4
                0x0000bb5c                unsetenv@@GLIBC_2.4
                0x0000bb68                reboot@@GLIBC_2.4
                0x0000bb74                hasmntopt@@GLIBC_2.4
                0x0000bb80                localtime_r@@GLIBC_2.4
                0x0000bb8c                geteuid@@GLIBC_2.4
                0x0000bb98                abort@@GLIBC_2.4
                0x0000bba4                connect@@GLIBC_2.4
                0x0000bbb0                getsockname@@GLIBC_2.4
                0x0000bbbc                srand@@GLIBC_2.4
                0x0000bbc8                statfs64@@GLIBC_2.4
                0x0000bbd4                setgroups@@GLIBC_2.4
                0x0000bbe0                getchar_unlocked@@GLIBC_2.4
                0x0000bbec                vprintf@@GLIBC_2.4
                0x0000bbf8                strcasestr@@GLIBC_2.4
                0x0000bc04                localtime@@GLIBC_2.4
                0x0000bc10                opendir@@GLIBC_2.4
                0x0000bc1c                memcmp@@GLIBC_2.4
                0x0000bc28                sysconf@@GLIBC_2.4
                0x0000bc34                syslog@@GLIBC_2.4
                0x0000bc40                __libc_start_main@@GLIBC_2.4
                0x0000bc4c                setlinebuf@@GLIBC_2.4
                0x0000bc58                setbuf@@GLIBC_2.4
                0x0000bc64                vasprintf@@GLIBC_2.4
                0x0000bc70                mkstemp64@@GLIBC_2.4
                0x0000bc7c                inet_ntoa@@GLIBC_2.4
                0x0000bc88                signal@@GLIBC_2.4
                0x0000bc94                getline@@GLIBC_2.4
                0x0000bca0                msgget@@GLIBC_2.4
                0x0000bcb8                sched_yield@@GLIBC_2.4
                0x0000bcc4                tzset@@GLIBC_2.4
                0x0000bcd0                cfgetispeed@@GLIBC_2.4
                0x0000bcdc                vsnprintf@@GLIBC_2.4
                0x0000bce8                clearenv@@GLIBC_2.4
                0x0000bcf4                __gnu_Unwind_Find_exidx@@GLIBC_2.4
                0x0000bd00                strsep@@GLIBC_2.4
                0x0000bd0c                inet_addr@@GLIBC_2.4
                0x0000bd18                vsprintf@@GLIBC_2.4
                0x0000bd24                strptime@@GLIBC_2.4
                0x0000bd30                rename@@GLIBC_2.4
                0x0000bd3c                strncpy@@GLIBC_2.4
                0x0000bd48                fclose@@GLIBC_2.4
                0x0000bd54                recv@@GLIBC_2.4
                0x0000bd60                getenv@@GLIBC_2.4
                0x0000bd6c                ftello64@@GLIBC_2.4
                0x0000bd78                strtod@@GLIBC_2.4
                0x0000bd84                system@@GLIBC_2.4
                0x0000bd90                strchr@@GLIBC_2.4
                0x0000bd9c                strcasecmp@@GLIBC_2.4
                0x0000bda8                dirname@@GLIBC_2.4
                0x0000bdb4                __cxa_atexit@@GLIBC_2.4
                0x0000bdc0                getgrnam@@GLIBC_2.4
                0x0000bdcc                msgctl@@GLIBC_2.4
                0x0000bdd8                swapon@@GLIBC_2.4
                0x0000bde4                pclose@@GLIBC_2.4
                0x0000bdf0                fchown@@GLIBC_2.4
                0x0000bdfc                listen@@GLIBC_2.4
                0x0000be08                dprintf@@GLIBC_2.4
                0x0000be14                getgrouplist@@GLIBC_2.4
                0x0000be20                sendto@@GLIBC_2.4
                0x0000be2c                stpcpy@@GLIBC_2.4
                0x0000be38                hstrerror@@GLIBC_2.4
                0x0000be44                sched_get_priority_max@@GLIBC_2.4
                0x0000be50                mktime@@GLIBC_2.4
                0x0000be5c                sched_setscheduler@@GLIBC_2.4
                0x0000be68                cfsetspeed@@GLIBC_2.4
                0x0000be74                memset@@GLIBC_2.4
                0x0000be80                uname@@GLIBC_2.4
                0x0000be8c                klogctl@@GLIBC_2.4
                0x0000be98                freeaddrinfo@@GLIBC_2.4
                0x0000bea4                strrchr@@GLIBC_2.4
                0x0000beb0                fsync@@GLIBC_2.4
                0x0000bebc                setsid@@GLIBC_2.4
                0x0000bec8                getopt_long_only@@GLIBC_2.4
                0x0000bed4                execvp@@GLIBC_2.4
                0x0000bee0                ungetc@@GLIBC_2.4
                0x0000bef8                wait@@GLIBC_2.4
                0x0000bf04                strtoll@@GLIBC_2.4
                0x0000bf10                chmod@@GLIBC_2.4
                0x0000bf1c                execlp@@GLIBC_2.4
                0x0000bf28                __fxstat64@@GLIBC_2.4
                0x0000bf34                fgets_unlocked@@GLIBC_2.4
                0x0000bf40                tcgetpgrp@@GLIBC_2.4
                0x0000bf4c                swapoff@@GLIBC_2.4
                0x0000bf58                usleep@@GLIBC_2.4
                0x0000bf64                umount@@GLIBC_2.4
                0x0000bf70                siglongjmp@@GLIBC_2.4
                0x0000bf7c                execle@@GLIBC_2.4
                0x0000bf88                cfmakeraw@@GLIBC_2.4
                0x0000bf94                _exit@@GLIBC_2.4
                0x0000bfa0                getuid@@GLIBC_2.4
                0x0000bfac                strtoull@@GLIBC_2.4
                0x0000bfb8                tcdrain@@GLIBC_2.4
                0x0000bfc4                __xmknod@@GLIBC_2.4
                0x0000bfd0                free@@GLIBC_2.4
                0x0000bfdc                sendmsg@@GLIBC_2.4
                0x0000bfe8                setpgid@@GLIBC_2.4
                0x0000bff4                read@@GLIBC_2.4
                0x0000c000                write@@GLIBC_2.4
                0x0000c00c                getopt_long@@GLIBC_2.4
                0x0000c018                access@@GLIBC_2.4
                0x0000c024                scanf@@GLIBC_2.4
                0x0000c030                openlog@@GLIBC_2.4
                0x0000c03c                fputs_unlocked@@GLIBC_2.4
                0x0000c048                inet_pton@@GLIBC_2.4
                0x0000c054                regerror@@GLIBC_2.4
                0x0000c060                gettimeofday@@GLIBC_2.4
                0x0000c06c                fseek@@GLIBC_2.4
                0x0000c078                setpriority@@GLIBC_2.4
                0x0000c084                accept@@GLIBC_2.4
                0x0000c090                getrlimit64@@GLIBC_2.4
                0x0000c09c                sched_getscheduler@@GLIBC_2.4
                0x0000c0a8                bsearch@@GLIBC_2.4
                0x0000c0b4                __res_init@@GLIBC_2.4
                0x0000c0c0                tcgetattr@@GLIBC_2.4
                0x0000c0cc                symlink@@GLIBC_2.4
                0x0000c0d8                tcflush@@GLIBC_2.4
                0x0000c0e4                strchrnul@@GLIBC_2.4
                0x0000c0f0                socket@@GLIBC_2.4
                0x0000c0fc                tcsetpgrp@@GLIBC_2.4
                0x0000c108                execl@@GLIBC_2.4
                0x0000c114                vfork@@GLIBC_2.4
                0x0000c120                umask@@GLIBC_2.4
                0x0000c12c                getaddrinfo@@GLIBC_2.4
                0x0000c138                fflush@@GLIBC_2.4
                0x0000c144                regcomp@@GLIBC_2.4
                0x0000c150                inet_aton@@GLIBC_2.4
                0x0000c15c                _setjmp@@GLIBC_2.4
                0x0000c168                ioctl@@GLIBC_2.4
                0x0000c174                setuid@@GLIBC_2.4
                0x0000c180                isatty@@GLIBC_2.4
                0x0000c18c                strsignal@@GLIBC_2.4
                0x0000c198                getpriority@@GLIBC_2.4
                0x0000c1a4                ether_ntoa@@GLIBC_2.4
                0x0000c1b0                mempcpy@@GLIBC_2.4
                0x0000c1bc                strlen@@GLIBC_2.4
                0x0000c1c8                sscanf@@GLIBC_2.4
                0x0000c1d4                getc_unlocked@@GLIBC_2.4
                0x0000c1e0                unlink@@GLIBC_2.4
                0x0000c1ec                getopt@@GLIBC_2.4
                0x0000c1f8                mallopt@@GLIBC_2.4
                0x0000c204                strtoul@@GLIBC_2.4
                0x0000c210                execv@@GLIBC_2.4
                0x0000c21c                memcpy@@GLIBC_2.4
                0x0000c228                __h_errno_location@@GLIBC_2.4
                0x0000c234                fopen64@@GLIBC_2.4
                0x0000c240                getpwuid@@GLIBC_2.4
                0x0000c24c                clearerr@@GLIBC_2.4
                0x0000c258                gethostid@@GLIBC_2.4
                0x0000c264                __res_state@@GLIBC_2.4
                0x0000c270                stime@@GLIBC_2.4
                0x0000c27c                feof@@GLIBC_2.4
                0x0000c288                getppid@@GLIBC_2.4
                0x0000c294                alarm@@GLIBC_2.4
                0x0000c2a0                strtol@@GLIBC_2.4
                0x0000c2ac                sigaddset@@GLIBC_2.4
                0x0000c2b8                strcpy@@GLIBC_2.4
                0x0000c2c4                chroot@@GLIBC_2.4
                0x0000c2d0                fseeko64@@GLIBC_2.4
                0x0000c2dc                waitpid@@GLIBC_2.4
                0x0000c2e8                strncat@@GLIBC_2.4
                0x0000c2f4                settimeofday@@GLIBC_2.4
                0x0000c300                printf@@GLIBC_2.4
                0x0000c30c                ctime@@GLIBC_2.4
                0x0000c318                mkfifo@@GLIBC_2.4
                0x0000c324                open64@@GLIBC_2.4
                0x0000c330                raise@@GLIBC_2.4
                0x0000c33c                getegid@@GLIBC_2.4
                0x0000c348                sethostname@@GLIBC_2.4
                0x0000c354                atoi@@GLIBC_2.4
                0x0000c360                longjmp@@GLIBC_2.4
                0x0000c36c                gethostbyaddr@@GLIBC_2.4
                0x0000c378                killpg@@GLIBC_2.4
                0x0000c384                putenv@@GLIBC_2.4
                0x0000c390                getmntent_r@@GLIBC_2.4
                0x0000c39c                bind@@GLIBC_2.4
                0x0000c3a8                fdopen@@GLIBC_2.4
                0x0000c3b4                atof@@GLIBC_2.4
                0x0000c3c0                umount2@@GLIBC_2.4
                0x0000c3cc                strstr@@GLIBC_2.4
                0x0000c3d8                select@@GLIBC_2.4
                0x0000c3e4                realpath@@GLIBC_2.4
                0x0000c3f0                wait3@@GLIBC_2.4
                0x0000c3fc                close@@GLIBC_2.4
                0x0000c408                getlogin_r@@GLIBC_2.4
                0x0000c414                fwrite@@GLIBC_2.4
                0x0000c420                closedir@@GLIBC_2.4
                0x0000c42c                strncasecmp@@GLIBC_2.4
                0x0000c438                semctl@@GLIBC_2.4
                0x0000c444                initgroups@@GLIBC_2.4
                0x0000c450                mount@@GLIBC_2.4
                0x0000c45c                strverscmp@@GLIBC_2.4
                0x0000c468                time@@GLIBC_2.4
                0x0000c474                __xstat64@@GLIBC_2.4
                0x0000c480                fprintf@@GLIBC_2.4
                0x0000c48c                getutent@@GLIBC_2.4
                0x0000c498                execve@@GLIBC_2.4
                0x0000c4a4                strdup@@GLIBC_2.4
                0x0000c4b0                lseek64@@GLIBC_2.4
                0x0000c4bc                malloc@@GLIBC_2.4
                0x0000c4c8                freopen64@@GLIBC_2.4
                0x0000c4d4                mmap64@@GLIBC_2.4
                0x0000c4e0                endmntent@@GLIBC_2.4
                0x0000c4ec                sigprocmask@@GLIBC_2.4
                0x0000c4f8                munlock@@GLIBC_2.4
                0x0000c504                cfsetospeed@@GLIBC_2.4
                0x0000c510                sched_get_priority_min@@GLIBC_2.4
                0x0000c51c                __cmsg_nxthdr@@GLIBC_2.4
                0x0000c528                sigaction@@GLIBC_2.4
                0x0000c534                sigdelset@@GLIBC_2.4
                0x0000c540                gmtime_r@@GLIBC_2.4
                0x0000c54c                chdir@@GLIBC_2.4
                0x0000c558                getspnam_r@@GLIBC_2.4
                0x0000c564                poll@@GLIBC_2.4
                0x0000c570                getmntent@@GLIBC_2.4
                0x0000c57c                strnlen@@GLIBC_2.4
                0x0000c588                setpgrp@@GLIBC_2.4
                0x0000c594                sched_getparam@@GLIBC_2.4
                0x0000c5a0                strtok@@GLIBC_2.4
                0x0000c5ac                getcwd@@GLIBC_2.4
                0x0000c5b8                rmdir@@GLIBC_2.4
                0x0000c5c4                getgrgid@@GLIBC_2.4
                0x0000c5d0                regexec@@GLIBC_2.4
                0x0000c5dc                sleep@@GLIBC_2.4
                0x0000c5e8                strcat@@GLIBC_2.4
                0x0000c5f4                memmove@@GLIBC_2.4
                0x0000c600                fnmatch@@GLIBC_2.4
                0x0000c60c                setmntent@@GLIBC_2.4
                0x0000c618                sigfillset@@GLIBC_2.4
                0x0000c624                popen@@GLIBC_2.4
                0x0000c630                ether_hostton@@GLIBC_2.4
                0x0000c63c                endutent@@GLIBC_2.4
                0x0000c648                utmpname@@GLIBC_2.4
                0x0000c654                dup2@@GLIBC_2.4
                0x0000c660                puts@@GLIBC_2.4
                0x0000c66c                strftime@@GLIBC_2.4
                0x0000c678                tcsetattr@@GLIBC_2.4
                0x0000c684                ether_aton_r@@GLIBC_2.4
                0x0000c69c                getpid@@GLIBC_2.4
                0x0000c6a8                closelog@@GLIBC_2.4
                0x0000c6b4                fcntl@@GLIBC_2.4
                0x0000c6c0                dup@@GLIBC_2.4
                0x0000c6cc                getpwent_r@@GLIBC_2.4
                0x0000c6d8                readlink@@GLIBC_2.4
                0x0000c6e4                cfgetospeed@@GLIBC_2.4
                0x0000c6f0                memrchr@@GLIBC_2.4
                0x0000c6fc                fork@@GLIBC_2.4
                0x0000c708                shmctl@@GLIBC_2.4
                0x0000c714                recvmsg@@GLIBC_2.4
                0x0000c720                rand@@GLIBC_2.4
                0x0000c72c                munmap@@GLIBC_2.4
                0x0000c738                strspn@@GLIBC_2.4
                0x0000c744                __lxstat64@@GLIBC_2.4
                0x0000c750                readdir64@@GLIBC_2.4
                0x0000c75c                lchown@@GLIBC_2.4
                0x0000c768                mlock@@GLIBC_2.4
                0x0000c774                personality@@GLIBC_2.4
                0x0000c780                setutent@@GLIBC_2.4
                0x0000c78c                vfprintf@@GLIBC_2.4
                0x0000c798                snprintf@@GLIBC_2.4
                0x0000c7a4                pivot_root@@GLIBC_2.4
                0x0000c7b0                strcspn@@GLIBC_2.4
                0x0000c7bc                fread@@GLIBC_2.4
                0x0000c7c8                getusershell@@GLIBC_2.4
                0x0000c7d4                tcsendbreak@@GLIBC_2.4
                0x0000c7e0                times@@GLIBC_2.4
                0x0000c7ec                strncmp@@GLIBC_2.4
                0x0000c7f8                tempnam@@GLIBC_2.4
                0x0000c804                getservbyport@@GLIBC_2.4
                0x0000c810                putc_unlocked@@GLIBC_2.4
                0x0000c81c                kill@@GLIBC_2.4
                0x0000c828                link@@GLIBC_2.4
                0x0000c834                setgid@@GLIBC_2.4
                0x0000c840                ferror@@GLIBC_2.4
                0x0000c84c                utimes@@GLIBC_2.4
                0x0000c858                gethostbyname@@GLIBC_2.4
                0x0000c864                realloc@@GLIBC_2.4
                0x0000c870                ftruncate64@@GLIBC_2.4
                0x0000c87c                chown@@GLIBC_2.4
                0x0000c888                setrlimit64@@GLIBC_2.4
                0x0000c894                getgroups@@GLIBC_2.4
                0x0000c8a0                recvfrom@@GLIBC_2.4
                0x0000c8ac                sysinfo@@GLIBC_2.4
                0x0000c8b8                endusershell@@GLIBC_2.4
                0x0000c8c4                getservbyname@@GLIBC_2.4
                0x0000c8d0                pipe@@GLIBC_2.4
                0x0000c8dc                endgrent@@GLIBC_2.4
                0x0000c8e8                syscall@@GLIBC_2.4
                0x0000c8f4                setsockopt@@GLIBC_2.4
                0x0000c900                getsid@@GLIBC_2.4
                0x0000c90c                strpbrk@@GLIBC_2.4
                0x0000c918                memchr@@GLIBC_2.4
                0x0000c924                fchmod@@GLIBC_2.4
                0x0000c930                tcgetsid@@GLIBC_2.4
                0x0000c93c                setenv@@GLIBC_2.4
                0x0000c948                strcmp@@GLIBC_2.4
                0x0000c954                exit@@GLIBC_2.4
                0x0000c960                cfsetispeed@@GLIBC_2.4
                0x0000c96c                __errno_location@@GLIBC_2.4
                0x0000c978                putchar_unlocked@@GLIBC_2.4
                0x0000c984                ttyname_r@@GLIBC_2.4
                0x0000c990                sprintf@@GLIBC_2.4
                0x0000c99c                getpwnam@@GLIBC_2.4
                0x0000c9a8                fscanf@@GLIBC_2.4
                0x0000c9b4                mkdtemp@@GLIBC_2.4
                0x0000c9c0                getgid@@GLIBC_2.4
                0x0000c9cc                getpagesize@@GLIBC_2.4
                0x0000c9d8                fputs@@GLIBC_2.4
                0x0000c9e4                semget@@GLIBC_2.4
                0x0000c9f0                shmget@@GLIBC_2.4

.text           0x0000c9fc    0x7ca80
 *(SORT(.text) SORT(.stub) SORT(.text.*) SORT(.gnu.linkonce.t.*))
 .text          0x0000c9fc       0x38 /home/simon/GIT/buildroot-k3-current/output/host/usr/arm-buildroot-linux-gnueabi/sysroot/usr/lib/crt1.o
                0x0000c9fc                _start
 .text          0x0000ca34       0x24 /home/simon/GIT/buildroot-k3-current/output/host/usr/arm-buildroot-linux-gnueabi/sysroot/usr/lib/crti.o
 .text          0x0000ca58       0x4c /opt/arm-2007q3/bin/../lib/gcc/arm-none-linux-gnueabi/4.2.1/crtbegin.o
 .text.applet_name_compare
                0x0000caa4       0x40 libbb/lib.a(appletlib.o)
 .text.lbb_prepare
                0x0000cae4       0x34 libbb/lib.a(appletlib.o)
                0x0000cae4                lbb_prepare
 .text.find_applet_by_name
                0x0000cb18       0x4c libbb/lib.a(appletlib.o)
                0x0000cb18                find_applet_by_name
 .text.bb_show_usage
                0x0000cb64       0xcc libbb/lib.a(appletlib.o)
                0x0000cb64                bb_show_usage
 .text.run_applet_no_and_exit
                0x0000cc30      0x12c libbb/lib.a(appletlib.o)
                0x0000cc30                run_applet_no_and_exit
 .text.run_applet_and_exit
                0x0000cd5c      0x404 libbb/lib.a(appletlib.o)
                0x0000cd5c                run_applet_and_exit
 .text.main     0x0000d160       0xa0 libbb/lib.a(appletlib.o)
                0x0000d160                main
 .text.concat_path_file
                0x0000d200       0x80 libbb/lib.a(concat_path_file.o)
                0x0000d200                concat_path_file
 .text.bb_get_last_path_component_nostrip
                0x0000d280       0x3c libbb/lib.a(get_last_path_component.o)
                0x0000d280                bb_get_last_path_component_nostrip
 .text.bb_get_last_path_component_strip
                0x0000d2bc       0x54 libbb/lib.a(get_last_path_component.o)
                0x0000d2bc                bb_get_last_path_component_strip
 .text.bb_basename
                0x0000d310       0x20 libbb/lib.a(get_last_path_component.o)
                0x0000d310                bb_basename
 .text.last_char_is
                0x0000d330       0x40 libbb/lib.a(last_char_is.o)
                0x0000d330                last_char_is
 .text.bb_perror_msg
                0x0000d370       0x54 libbb/lib.a(perror_msg.o)
                0x0000d370                bb_perror_msg
 .text.bb_simple_perror_msg
                0x0000d3c4       0x20 libbb/lib.a(perror_msg.o)
                0x0000d3c4                bb_simple_perror_msg
 .text.bb_perror_msg_and_die
                0x0000d3e4       0x4c libbb/lib.a(perror_msg.o)
                0x0000d3e4                bb_perror_msg_and_die
 .text.bb_simple_perror_msg_and_die
                0x0000d430       0x20 libbb/lib.a(perror_msg.o)
                0x0000d430                bb_simple_perror_msg_and_die
 .text.bb_verror_msg
                0x0000d450      0x1c4 libbb/lib.a(verror_msg.o)
                0x0000d450                bb_verror_msg
 .text.bb_error_msg
                0x0000d614       0x2c libbb/lib.a(verror_msg.o)
                0x0000d614                bb_error_msg
 .text.bb_error_msg_and_die
                0x0000d640       0x24 libbb/lib.a(verror_msg.o)
                0x0000d640                bb_error_msg_and_die
 .text.xfunc_die
                0x0000d664       0x34 libbb/lib.a(xfunc_die.o)
                0x0000d664                xfunc_die
 .text.utoa_to_buf
                0x0000d698       0x98 libbb/lib.a(xfuncs.o)
                0x0000d698                utoa_to_buf
 .text.itoa_to_buf
                0x0000d730       0x28 libbb/lib.a(xfuncs.o)
                0x0000d730                itoa_to_buf
 .text.utoa     0x0000d758       0x38 libbb/lib.a(xfuncs.o)
                0x0000d758                utoa
 .text.itoa     0x0000d790       0x38 libbb/lib.a(xfuncs.o)
                0x0000d790                itoa
 .text.bin2hex  0x0000d7c8       0x70 libbb/lib.a(xfuncs.o)
                0x0000d7c8                bin2hex
 .text.hex2bin  0x0000d838      0x10c libbb/lib.a(xfuncs.o)
                0x0000d838                hex2bin
 .text.safe_waitpid
                0x0000d944       0x50 libbb/lib.a(xfuncs.o)
                0x0000d944                safe_waitpid
 .text.wait4pid
                0x0000d994       0x50 libbb/lib.a(xfuncs.o)
                0x0000d994                wait4pid
 .text.wait_any_nohang
                0x0000d9e4       0x10 libbb/lib.a(xfuncs.o)
                0x0000d9e4                wait_any_nohang
 .text.tcsetattr_stdin_TCSANOW
                0x0000d9f4       0x10 libbb/lib.a(xfuncs.o)
                0x0000d9f4                tcsetattr_stdin_TCSANOW
 .text.wh_helper
                0x0000da04       0x4c libbb/lib.a(xfuncs.o)
 .text.get_terminal_width_height
                0x0000da50       0xa8 libbb/lib.a(xfuncs.o)
                0x0000da50                get_terminal_width_height
 .text.full_write2_str
                0x0000daf8       0x20 libbb/lib.a(xfuncs.o)
                0x0000daf8                full_write2_str
 .text.full_write1_str
                0x0000db18       0x20 libbb/lib.a(xfuncs.o)
                0x0000db18                full_write1_str
 .text.bb_putchar_stderr
                0x0000db38       0x1c libbb/lib.a(xfuncs.o)
                0x0000db38                bb_putchar_stderr
 .text.strncpy_IFNAMSIZ
                0x0000db54        0x8 libbb/lib.a(xfuncs.o)
                0x0000db54                strncpy_IFNAMSIZ
 .text.close_on_exec_on
                0x0000db5c        0xc libbb/lib.a(xfuncs.o)
                0x0000db5c                close_on_exec_on
 .text.ndelay_off
                0x0000db68       0x30 libbb/lib.a(xfuncs.o)
                0x0000db68                ndelay_off
 .text.ndelay_on
                0x0000db98       0x30 libbb/lib.a(xfuncs.o)
                0x0000db98                ndelay_on
 .text.xfork    0x0000dbc8       0x30 libbb/lib.a(xfuncs_printf.o)
                0x0000dbc8                xfork
 .text.xopen3   0x0000dbf8       0x34 libbb/lib.a(xfuncs_printf.o)
                0x0000dbf8                xopen3
 .text.xopen    0x0000dc2c        0x8 libbb/lib.a(xfuncs_printf.o)
                0x0000dc2c                xopen
 .text.xopen_nonblocking
                0x0000dc34        0x8 libbb/lib.a(xfuncs_printf.o)
                0x0000dc34                xopen_nonblocking
 .text.xclose   0x0000dc3c       0x2c libbb/lib.a(xfuncs_printf.o)
                0x0000dc3c                xclose
 .text.bb_xioctl
                0x0000dc68       0x1c libbb/lib.a(xfuncs_printf.o)
                0x0000dc68                bb_xioctl
 .text.bb_ioctl_or_warn
                0x0000dc84       0x24 libbb/lib.a(xfuncs_printf.o)
                0x0000dc84                bb_ioctl_or_warn
 .text.ioctl_or_perror
                0x0000dca8       0x5c libbb/lib.a(xfuncs_printf.o)
                0x0000dca8                ioctl_or_perror
 .text.ioctl_or_perror_and_die
                0x0000dd04       0x5c libbb/lib.a(xfuncs_printf.o)
                0x0000dd04                ioctl_or_perror_and_die
 .text.xfstat   0x0000dd60       0x2c libbb/lib.a(xfuncs_printf.o)
                0x0000dd60                xfstat
 .text.xstat    0x0000dd8c       0x40 libbb/lib.a(xfuncs_printf.o)
                0x0000dd8c                xstat
 .text.xsendto  0x0000ddcc       0x4c libbb/lib.a(xfuncs_printf.o)
                0x0000ddcc                xsendto
 .text.xbind    0x0000de18       0x2c libbb/lib.a(xfuncs_printf.o)
                0x0000de18                xbind
 .text.xsocket  0x0000de44       0x2c libbb/lib.a(xfuncs_printf.o)
                0x0000de44                xsocket
 .text.xopendir
                0x0000de70       0x34 libbb/lib.a(xfuncs_printf.o)
                0x0000de70                xopendir
 .text.warn_opendir
                0x0000dea4       0x3c libbb/lib.a(xfuncs_printf.o)
                0x0000dea4                warn_opendir
 .text.open3_or_warn
                0x0000dee0       0x3c libbb/lib.a(xfuncs_printf.o)
                0x0000dee0                open3_or_warn
 .text.open_or_warn
                0x0000df1c        0x8 libbb/lib.a(xfuncs_printf.o)
                0x0000df1c                open_or_warn
 .text.xchdir   0x0000df24       0x34 libbb/lib.a(xfuncs_printf.o)
                0x0000df24                xchdir
 .text.xchroot  0x0000df58       0x48 libbb/lib.a(xfuncs_printf.o)
                0x0000df58                xchroot
 .text.xsetuid  0x0000dfa0       0x2c libbb/lib.a(xfuncs_printf.o)
                0x0000dfa0                xsetuid
 .text.xsetgid  0x0000dfcc       0x2c libbb/lib.a(xfuncs_printf.o)
                0x0000dfcc                xsetgid
 .text.xsetenv  0x0000dff8       0x30 libbb/lib.a(xfuncs_printf.o)
                0x0000dff8                xsetenv
 .text.xasprintf
                0x0000e028       0x54 libbb/lib.a(xfuncs_printf.o)
                0x0000e028                xasprintf
 .text.bb_putchar
                0x0000e07c        0x4 libbb/lib.a(xfuncs_printf.o)
                0x0000e07c                bb_putchar
 .text.fflush_all
                0x0000e080        0x8 libbb/lib.a(xfuncs_printf.o)
                0x0000e080                fflush_all
 .text.xprint_and_close_file
                0x0000e088       0x3c libbb/lib.a(xfuncs_printf.o)
                0x0000e088                xprint_and_close_file
 .text.die_if_ferror
                0x0000e0c4       0x34 libbb/lib.a(xfuncs_printf.o)
                0x0000e0c4                die_if_ferror
 .text.die_if_ferror_stdout
                0x0000e0f8       0x2c libbb/lib.a(xfuncs_printf.o)
                0x0000e0f8                die_if_ferror_stdout
 .text.xmkstemp
                0x0000e124       0x34 libbb/lib.a(xfuncs_printf.o)
                0x0000e124                xmkstemp
 .text.xlseek   0x0000e158       0x6c libbb/lib.a(xfuncs_printf.o)
                0x0000e158                xlseek
 .text.xwrite   0x0000e1c4       0x34 libbb/lib.a(xfuncs_printf.o)
                0x0000e1c4                xwrite
 .text.xwrite_str
                0x0000e1f8       0x28 libbb/lib.a(xfuncs_printf.o)
                0x0000e1f8                xwrite_str
 .text.xdup2    0x0000e220       0x30 libbb/lib.a(xfuncs_printf.o)
                0x0000e220                xdup2
 .text.xmove_fd
                0x0000e250       0x20 libbb/lib.a(xfuncs_printf.o)
                0x0000e250                xmove_fd
 .text.xpipe    0x0000e270       0x2c libbb/lib.a(xfuncs_printf.o)
                0x0000e270                xpipe
 .text.xrename  0x0000e29c       0x3c libbb/lib.a(xfuncs_printf.o)
                0x0000e29c                xrename
 .text.xunlink  0x0000e2d8       0x34 libbb/lib.a(xfuncs_printf.o)
                0x0000e2d8                xunlink
 .text.xfopen   0x0000e30c       0x34 libbb/lib.a(xfuncs_printf.o)
                0x0000e30c                xfopen
 .text.xstrdup  0x0000e340       0x3c libbb/lib.a(xfuncs_printf.o)
                0x0000e340                xstrdup
 .text.xrealloc
                0x0000e37c       0x40 libbb/lib.a(xfuncs_printf.o)
                0x0000e37c                xrealloc
 .text.xmalloc  0x0000e3bc       0x40 libbb/lib.a(xfuncs_printf.o)
                0x0000e3bc                xmalloc
 .text.xstrndup
                0x0000e3fc       0x54 libbb/lib.a(xfuncs_printf.o)
                0x0000e3fc                xstrndup
 .text.bb_unsetenv
                0x0000e450       0x44 libbb/lib.a(xfuncs_printf.o)
                0x0000e450                bb_unsetenv
 .text.bb_unsetenv_and_free
                0x0000e494       0x18 libbb/lib.a(xfuncs_printf.o)
                0x0000e494                bb_unsetenv_and_free
 .text.xzalloc  0x0000e4ac       0x24 libbb/lib.a(xfuncs_printf.o)
                0x0000e4ac                xzalloc
 .text.xmalloc_ttyname
                0x0000e4d0       0x40 libbb/lib.a(xfuncs_printf.o)
                0x0000e4d0                xmalloc_ttyname
 .text.malloc_or_warn
                0x0000e510       0x4c libbb/lib.a(xfuncs_printf.o)
                0x0000e510                malloc_or_warn
 .text.xmalloc_realpath
                0x0000e55c        0x8 libbb/lib.a(xreadlink.o)
                0x0000e55c                xmalloc_realpath
 .text.xmalloc_readlink
                0x0000e564       0x68 libbb/lib.a(xreadlink.o)
                0x0000e564                xmalloc_readlink
 .text.xmalloc_readlink_or_warn
                0x0000e5cc       0x6c libbb/lib.a(xreadlink.o)
                0x0000e5cc                xmalloc_readlink_or_warn
 .text.xmalloc_follow_symlinks
                0x0000e638       0xcc libbb/lib.a(xreadlink.o)
                0x0000e638                xmalloc_follow_symlinks
 .text.bb_full_fd_action
                0x0000e704      0x148 libbb/lib.a(copyfd.o)
 .text.bb_copyfd_eof
                0x0000e84c        0xc libbb/lib.a(copyfd.o)
                0x0000e84c                bb_copyfd_eof
 .text.bb_copyfd_size
                0x0000e858       0x18 libbb/lib.a(copyfd.o)
                0x0000e858                bb_copyfd_size
 .text.bb_copyfd_exact_size
                0x0000e870       0x70 libbb/lib.a(copyfd.o)
                0x0000e870                bb_copyfd_exact_size
 .text.full_write
                0x0000e8e0       0x58 libbb/lib.a(full_write.o)
                0x0000e8e0                full_write
 .text.safe_read
                0x0000e938       0x50 libbb/lib.a(read.o)
                0x0000e938                safe_read
 .text.full_read
                0x0000e988       0x5c libbb/lib.a(read.o)
                0x0000e988                full_read
 .text.read_close
                0x0000e9e4       0x20 libbb/lib.a(read.o)
                0x0000e9e4                read_close
 .text.open_read_close
                0x0000ea04       0x2c libbb/lib.a(read.o)
                0x0000ea04                open_read_close
 .text.safe_write
                0x0000ea30       0x50 libbb/lib.a(safe_write.o)
                0x0000ea30                safe_write
 .text.get_mono
                0x0000ea80       0x38 libbb/lib.a(time.o)
 .text.monotonic_sec
                0x0000eab8       0x14 libbb/lib.a(time.o)
                0x0000eab8                monotonic_sec
 .text.monotonic_ms
                0x0000eacc       0x40 libbb/lib.a(time.o)
                0x0000eacc                monotonic_ms
 .text.monotonic_us
                0x0000eb0c       0x40 libbb/lib.a(time.o)
                0x0000eb0c                monotonic_us
 .text.validate_tm_time
                0x0000eb4c       0x38 libbb/lib.a(time.o)
                0x0000eb4c                validate_tm_time
 .text.parse_datestr
                0x0000eb84      0x480 libbb/lib.a(time.o)
                0x0000eb84                parse_datestr
 .text.ret_ERANGE
                0x0000f004       0x2c libbb/lib.a(bb_strtonum.o)
 .text.handle_errors
                0x0000f030       0x68 libbb/lib.a(bb_strtonum.o)
 .text.bb_strtol
                0x0000f098       0x80 libbb/lib.a(bb_strtonum.o)
                0x0000f098                bb_strtol
 .text.bb_strtoull
                0x0000f118       0x74 libbb/lib.a(bb_strtonum.o)
                0x0000f118                bb_strtoull
 .text.bb_strtoll
                0x0000f18c       0x7c libbb/lib.a(bb_strtonum.o)
                0x0000f18c                bb_strtoll
 .text.bb_strtoul
                0x0000f208       0x78 libbb/lib.a(bb_strtonum.o)
                0x0000f208                bb_strtoul
 .text.addgroup_main
                0x0000f280      0x1c0 loginutils/lib.a(addgroup.o)
                0x0000f280                addgroup_main
 .text.adduser_main
                0x0000f440      0x4d4 loginutils/lib.a(adduser.o)
                0x0000f440                adduser_main
 .text.deluser_main
                0x0000f914      0x164 loginutils/lib.a(deluser.o)
                0x0000f914                deluser_main
 .text.bcode    0x0000fa78       0x20 loginutils/lib.a(getty.o)
 .text.set_tty_attrs
                0x0000fa98       0x3c loginutils/lib.a(getty.o)
 .text.finalize_tty_attrs
                0x0000fad4       0x98 loginutils/lib.a(getty.o)
 .text.getty_main
                0x0000fb6c      0x810 loginutils/lib.a(getty.o)
                0x0000fb6c                getty_main
 .text.alarm_handler
                0x0001037c       0x10 loginutils/lib.a(getty.o)
 .text.login_main
                0x0001038c      0x510 loginutils/lib.a(login.o)
                0x0001038c                login_main
 .text.alarm_handler
                0x0001089c       0x50 loginutils/lib.a(login.o)
 .text.nuke_str
                0x000108ec       0x24 loginutils/lib.a(passwd.o)
 .text.passwd_main
                0x00010910      0x520 loginutils/lib.a(passwd.o)
                0x00010910                passwd_main
 .text.su_main  0x00010e30      0x284 loginutils/lib.a(su.o)
                0x00010e30                su_main
 .text.sulogin_main
                0x000110b4      0x26c loginutils/lib.a(sulogin.o)
                0x000110b4                sulogin_main
 .text.acquire_vt
                0x00011320       0x10 loginutils/lib.a(vlock.o)
 .text.release_vt
                0x00011330       0x30 loginutils/lib.a(vlock.o)
 .text.vlock_main
                0x00011360      0x1f4 loginutils/lib.a(vlock.o)
                0x00011360                vlock_main
 .text.show_min_max
                0x00011554       0x68 miscutils/lib.a(chrt.o)
 .text.chrt_main
                0x000115bc      0x208 miscutils/lib.a(chrt.o)
                0x000115bc                chrt_main
 .text.delete_cronfile
                0x000117c4       0xc8 miscutils/lib.a(crond.o)
 .text.crondlog
                0x0001188c       0xe0 miscutils/lib.a(crond.o)
 .text.ParseField
                0x0001196c      0x1ec miscutils/lib.a(crond.o)
 .text.load_crontab
                0x00011b58      0x2bc miscutils/lib.a(crond.o)
 .text.rescan_crontab_dir
                0x00011e14       0xe8 miscutils/lib.a(crond.o)
 .text.start_one_job
                0x00011efc      0x194 miscutils/lib.a(crond.o)
 .text.crond_main
                0x00012090      0x468 miscutils/lib.a(crond.o)
                0x00012090                crond_main
 .text.open_as_user
                0x000124f8       0x94 miscutils/lib.a(crontab.o)
 .text.edit_file
                0x0001258c       0xd4 miscutils/lib.a(crontab.o)
 .text.crontab_main
                0x00012660      0x300 miscutils/lib.a(crontab.o)
                0x00012660                crontab_main
 .text.pop      0x00012960       0x4c miscutils/lib.a(dc.o)
 .text.push     0x000129ac       0x50 miscutils/lib.a(dc.o)
 .text.stack_machine
                0x000129fc       0x90 miscutils/lib.a(dc.o)
 .text.dc_main  0x00012a8c       0xc0 miscutils/lib.a(dc.o)
                0x00012a8c                dc_main
 .text.not      0x00012b4c       0x20 miscutils/lib.a(dc.o)
 .text.eor      0x00012b6c       0x40 miscutils/lib.a(dc.o)
 .text.or       0x00012bac       0x40 miscutils/lib.a(dc.o)
 .text.and      0x00012bec       0x40 miscutils/lib.a(dc.o)
 .text.mod      0x00012c2c       0x54 miscutils/lib.a(dc.o)
 .text.divide   0x00012c80       0x28 miscutils/lib.a(dc.o)
 .text.mul      0x00012ca8       0x30 miscutils/lib.a(dc.o)
 .text.sub      0x00012cd8       0x28 miscutils/lib.a(dc.o)
 .text.add      0x00012d00       0x30 miscutils/lib.a(dc.o)
 .text.set_output_base
                0x00012d30       0x6c miscutils/lib.a(dc.o)
 .text.print_base
                0x00012d9c      0x128 miscutils/lib.a(dc.o)
 .text.print_no_pop
                0x00012ec4       0x28 miscutils/lib.a(dc.o)
 .text.print_stack_no_pop
                0x00012eec       0x44 miscutils/lib.a(dc.o)
 .text.devmem_main
                0x00012f30      0x2dc miscutils/lib.a(devmem.o)
                0x00012f30                devmem_main
 .text.eject_main
                0x0001320c       0xdc miscutils/lib.a(eject.o)
                0x0001320c                eject_main
 .text.parse_opts
                0x000132e8       0x44 miscutils/lib.a(hdparm.o)
 .text.parse_opts_0_INTMAX
                0x0001332c        0xc miscutils/lib.a(hdparm.o)
 .text.parse_opts_0_1
                0x00013338        0xc miscutils/lib.a(hdparm.o)
 .text.parse_xfermode
                0x00013344       0xdc miscutils/lib.a(hdparm.o)
 .text.read_big_block
                0x00013420       0x38 miscutils/lib.a(hdparm.o)
 .text.print_flag
                0x00013458       0x24 miscutils/lib.a(hdparm.o)
 .text.mode_loop
                0x0001347c       0x9c miscutils/lib.a(hdparm.o)
 .text.xprint_ascii
                0x00013518       0x9c miscutils/lib.a(hdparm.o)
 .text.on_off   0x000135b4       0x30 miscutils/lib.a(hdparm.o)
 .text.print_value_on_off
                0x000135e4       0x3c miscutils/lib.a(hdparm.o)
 .text.print_flag_on_off
                0x00013620       0x38 miscutils/lib.a(hdparm.o)
 .text.identify
                0x00013658     0x1508 miscutils/lib.a(hdparm.o)
 .text.ioctl_alt_func
                0x00014b60       0x48 miscutils/lib.a(hdparm.o)
 .text.dump_identity
                0x00014ba8      0x598 miscutils/lib.a(hdparm.o)
 .text.seek_to_zero
                0x00015140       0x20 miscutils/lib.a(hdparm.o)
 .text.flush_buffer_cache
                0x00015160       0x80 miscutils/lib.a(hdparm.o)
 .text.do_time  0x000151e0      0x214 miscutils/lib.a(hdparm.o)
 .text.hdparm_main
                0x000153f4     0x1238 miscutils/lib.a(hdparm.o)
                0x000153f4                hdparm_main
 .text.last_main
                0x0001662c      0x2bc miscutils/lib.a(last.o)
                0x0001662c                last_main
 .text.opp_bracket
                0x000168e8       0x64 miscutils/lib.a(less.o)
 .text.print_hilite
                0x0001694c       0x20 miscutils/lib.a(less.o)
 .text.clear_line
                0x0001696c       0x30 miscutils/lib.a(less.o)
 .text.m_status_print
                0x0001699c      0x124 miscutils/lib.a(less.o)
 .text.print_statusline
                0x00016ac0       0x44 miscutils/lib.a(less.o)
 .text.move_cursor
                0x00016b04       0x28 miscutils/lib.a(less.o)
 .text.fill_match_lines
                0x00016b2c       0xb0 miscutils/lib.a(less.o)
 .text.read_lines
                0x00016bdc      0x378 miscutils/lib.a(less.o)
 .text.lineno_str
                0x00016f54       0xac miscutils/lib.a(less.o)
 .text.print_found
                0x00017000      0x1e4 miscutils/lib.a(less.o)
 .text.print_ascii
                0x000171e4      0x14c miscutils/lib.a(less.o)
 .text.status_print
                0x00017330       0xb8 miscutils/lib.a(less.o)
 .text.buffer_print
                0x000173e8       0x74 miscutils/lib.a(less.o)
 .text.buffer_fill_and_print
                0x0001745c       0x84 miscutils/lib.a(less.o)
 .text.reinitialize
                0x000174e0       0xcc miscutils/lib.a(less.o)
 .text.change_file
                0x000175ac       0x94 miscutils/lib.a(less.o)
 .text.buffer_line
                0x00017640       0x50 miscutils/lib.a(less.o)
 .text.goto_match
                0x00017690       0x94 miscutils/lib.a(less.o)
 .text.buffer_up
                0x00017724       0x40 miscutils/lib.a(less.o)
 .text.buffer_down
                0x00017764       0x9c miscutils/lib.a(less.o)
 .text.set_tty_cooked
                0x00017800       0x34 miscutils/lib.a(less.o)
 .text.less_exit
                0x00017834       0x28 miscutils/lib.a(less.o)
 .text.sig_catcher
                0x0001785c        0x8 miscutils/lib.a(less.o)
 .text.getch_nowait
                0x00017864      0x114 miscutils/lib.a(less.o)
 .text.less_gets
                0x00017978       0xd8 miscutils/lib.a(less.o)
 .text.less_getch
                0x00017a50       0x58 miscutils/lib.a(less.o)
 .text.examine_file
                0x00017aa8       0xa0 miscutils/lib.a(less.o)
 .text.regex_process
                0x00017b48      0x144 miscutils/lib.a(less.o)
 .text.less_main
                0x00017c8c      0x974 miscutils/lib.a(less.o)
                0x00017c8c                less_main
 .text.makedevs_main
                0x00018600      0x49c miscutils/lib.a(makedevs.o)
                0x00018600                makedevs_main
 .text.xget1    0x00018a9c       0x48 miscutils/lib.a(microcom.o)
 .text.xset1    0x00018ae4       0x44 miscutils/lib.a(microcom.o)
 .text.microcom_main
                0x00018b28      0x344 miscutils/lib.a(microcom.o)
                0x00018b28                microcom_main
 .text.mountpoint_main
                0x00018e6c      0x2b8 miscutils/lib.a(mountpoint.o)
                0x00018e6c                mountpoint_main
 .text.mt_main  0x00019124      0x170 miscutils/lib.a(mt.o)
                0x00019124                mt_main
 .text.runlevel_main
                0x00019294       0xb8 miscutils/lib.a(runlevel.o)
                0x00019294                runlevel_main
 .text.serial_open
                0x0001934c       0x34 miscutils/lib.a(setserial.o)
 .text.index_in_strings_case_insensitive
                0x00019380       0x54 miscutils/lib.a(setserial.o)
 .text.get_numeric
                0x000193d4        0xc miscutils/lib.a(setserial.o)
 .text.serial_ctl
                0x000193e0       0xc8 miscutils/lib.a(setserial.o)
 .text.print_flag
                0x000194a8       0x40 miscutils/lib.a(setserial.o)
 .text.setserial_main
                0x000194e8      0x64c miscutils/lib.a(setserial.o)
                0x000194e8                setserial_main
 .text.setsid_main
                0x00019b34       0x44 miscutils/lib.a(setsid.o)
                0x00019b34                setsid_main
 .text.strings_main
                0x00019b78      0x1ec miscutils/lib.a(strings.o)
                0x00019b78                strings_main
 .text.ptok     0x00019d64       0x30 miscutils/lib.a(time.o)
 .text.run_command
                0x00019d94      0x104 miscutils/lib.a(time.o)
 .text.time_main
                0x00019e98      0x688 miscutils/lib.a(time.o)
                0x00019e98                time_main
 .text.watchdog_shutdown
                0x0001a520       0x38 miscutils/lib.a(watchdog.o)
 .text.watchdog_main
                0x0001a558      0x164 miscutils/lib.a(watchdog.o)
                0x0001a558                watchdog_main
 .text.insmod_main
                0x0001a6bc       0x64 modutils/lib.a(insmod.o)
                0x0001a6bc                insmod_main
 .text.lsmod_main
                0x0001a720      0x144 modutils/lib.a(lsmod.o)
                0x0001a720                lsmod_main
 .text.humanly_readable_name
                0x0001a864       0x14 modutils/lib.a(modprobe.o)
 .text.read_config
                0x0001a878       0x3c modutils/lib.a(modprobe.o)
 .text.helper_get_module
                0x0001a8b4       0xc4 modutils/lib.a(modprobe.o)
 .text.add_probe
                0x0001a978       0x9c modutils/lib.a(modprobe.o)
 .text.gather_options_str
                0x0001aa14       0x74 modutils/lib.a(modprobe.o)
 .text.load_modules_dep
                0x0001aa88      0x12c modutils/lib.a(modprobe.o)
 .text.do_modprobe
                0x0001abb4      0x2fc modutils/lib.a(modprobe.o)
 .text.config_file_action
                0x0001aeb0      0x1e8 modutils/lib.a(modprobe.o)
 .text.modprobe_main
                0x0001b098      0x388 modutils/lib.a(modprobe.o)
                0x0001b098                modprobe_main
 .text.replace  0x0001b420       0x20 modutils/lib.a(modutils.o)
                0x0001b420                replace
 .text.moderror
                0x0001b440       0x8c modutils/lib.a(modutils.o)
                0x0001b440                moderror
 .text.bb_delete_module
                0x0001b4cc       0x3c modutils/lib.a(modutils.o)
                0x0001b4cc                bb_delete_module
 .text.bb_init_module
                0x0001b508       0x8c modutils/lib.a(modutils.o)
                0x0001b508                bb_init_module
 .text.parse_cmdline_module_options
                0x0001b594       0xd0 modutils/lib.a(modutils.o)
                0x0001b594                parse_cmdline_module_options
 .text.filename2modname
                0x0001b664       0x74 modutils/lib.a(modutils.o)
                0x0001b664                filename2modname
 .text.string_to_llist
                0x0001b6d8       0x5c modutils/lib.a(modutils.o)
                0x0001b6d8                string_to_llist
 .text.rmmod_main
                0x0001b734      0x114 modutils/lib.a(rmmod.o)
                0x0001b734                rmmod_main
 .text.finish   0x0001b848       0xc4 networking/lib.a(arping.o)
 .text.catcher  0x0001b90c      0x1a4 networking/lib.a(arping.o)
 .text.arping_main
                0x0001bab0      0x838 networking/lib.a(arping.o)
                0x0001bab0                arping_main
 .text.undot    0x0001c2e8       0x4c networking/lib.a(dnsd.o)
 .text.dnsd_main
                0x0001c334      0x674 networking/lib.a(dnsd.o)
                0x0001c334                dnsd_main
 .text.ether_wake_main
                0x0001c9a8      0x36c networking/lib.a(ether-wake.o)
                0x0001c9a8                ether_wake_main
 .text.do_sethostname
                0x0001cd14       0xa4 networking/lib.a(hostname.o)
 .text.hostname_main
                0x0001cdb8      0x178 networking/lib.a(hostname.o)
                0x0001cdb8                hostname_main
 .text.ifconfig_main
                0x0001cf30      0x554 networking/lib.a(ifconfig.o)
                0x0001cf30                ifconfig_main
 .text.manual_up_down6
                0x0001d484        0x8 networking/lib.a(ifupdown.o)
 .text.manual_up_down
                0x0001d48c        0x8 networking/lib.a(ifupdown.o)
 .text.check    0x0001d494        0xc networking/lib.a(ifupdown.o)
 .text.find_iface_state
                0x0001d4a0       0x58 networking/lib.a(ifupdown.o)
 .text.strncmpz
                0x0001d4f8       0x20 networking/lib.a(ifupdown.o)
 .text.get_var  0x0001d518       0xa8 networking/lib.a(ifupdown.o)
 .text.addstr   0x0001d5c0       0x58 networking/lib.a(ifupdown.o)
 .text.execute  0x0001d618      0x388 networking/lib.a(ifupdown.o)
 .text.wvdial_down
                0x0001d9a0       0x28 networking/lib.a(ifupdown.o)
 .text.wvdial_up
                0x0001d9c8       0x28 networking/lib.a(ifupdown.o)
 .text.ppp_down
                0x0001d9f0       0x28 networking/lib.a(ifupdown.o)
 .text.ppp_up   0x0001da18       0x28 networking/lib.a(ifupdown.o)
 .text.bootp_up
                0x0001da40       0x28 networking/lib.a(ifupdown.o)
 .text.dhcp_up  0x0001da68       0x54 networking/lib.a(ifupdown.o)
 .text.static_down
                0x0001dabc       0x60 networking/lib.a(ifupdown.o)
 .text.static_up
                0x0001db1c       0x80 networking/lib.a(ifupdown.o)
 .text.loopback_down
                0x0001db9c       0x60 networking/lib.a(ifupdown.o)
 .text.loopback_up
                0x0001dbfc       0x60 networking/lib.a(ifupdown.o)
 .text.v4tunnel_down
                0x0001dc5c       0x28 networking/lib.a(ifupdown.o)
 .text.v4tunnel_up
                0x0001dc84       0xa0 networking/lib.a(ifupdown.o)
 .text.static_down6
                0x0001dd24       0x28 networking/lib.a(ifupdown.o)
 .text.static_up6
                0x0001dd4c       0x80 networking/lib.a(ifupdown.o)
 .text.loopback_down6
                0x0001ddcc       0x28 networking/lib.a(ifupdown.o)
 .text.loopback_up6
                0x0001ddf4       0x60 networking/lib.a(ifupdown.o)
 .text.dhcp_down
                0x0001de54       0x60 networking/lib.a(ifupdown.o)
 .text.next_word
                0x0001deb4       0x68 networking/lib.a(ifupdown.o)
 .text.popen2   0x0001df1c       0xd8 networking/lib.a(ifupdown.o)
 .text.read_iface_state
                0x0001dff4       0x78 networking/lib.a(ifupdown.o)
 .text.ifupdown_main
                0x0001e06c      0xb2c networking/lib.a(ifupdown.o)
                0x0001e06c                ifupdown_main
 .text.setlocalenv
                0x0001eb98       0x84 networking/lib.a(ifupdown.o)
 .text.set_environ
                0x0001ec1c      0x1a4 networking/lib.a(ifupdown.o)
 .text.doit     0x0001edc0       0xd0 networking/lib.a(ifupdown.o)
 .text.execute_all
                0x0001ee90       0x7c networking/lib.a(ifupdown.o)
 .text.iface_down
                0x0001ef0c       0xd8 networking/lib.a(ifupdown.o)
 .text.iface_up
                0x0001efe4       0xd8 networking/lib.a(ifupdown.o)
 .text.remove_fd_from_set
                0x0001f0bc       0x4c networking/lib.a(inetd.o)
 .text.init_ring
                0x0001f108       0x40 networking/lib.a(inetd.o)
 .text.discard_dg
                0x0001f148       0x28 networking/lib.a(inetd.o)
 .text.maybe_close
                0x0001f170        0xc networking/lib.a(inetd.o)
 .text.free_servtab_strings
                0x0001f17c       0x60 networking/lib.a(inetd.o)
 .text.bump_nofile
                0x0001f1dc       0xfc networking/lib.a(inetd.o)
 .text.add_fd_to_set
                0x0001f2d8       0x94 networking/lib.a(inetd.o)
 .text.restore_sigmask
                0x0001f36c       0x10 networking/lib.a(inetd.o)
 .text.block_CHLD_HUP_ALRM
                0x0001f37c       0x44 networking/lib.a(inetd.o)
 .text.rearm_alarm
                0x0001f3c0       0x34 networking/lib.a(inetd.o)
 .text.new_servtab
                0x0001f3f4       0x18 networking/lib.a(inetd.o)
 .text.xzalloc_lsa
                0x0001f40c       0x34 networking/lib.a(inetd.o)
 .text.clean_up_and_exit
                0x0001f440       0x60 networking/lib.a(inetd.o)
 .text.reap_child
                0x0001f4a0       0xd4 networking/lib.a(inetd.o)
 .text.daytime_dg
                0x0001f574       0xc8 networking/lib.a(inetd.o)
 .text.daytime_stream
                0x0001f63c       0x48 networking/lib.a(inetd.o)
 .text.machtime
                0x0001f684       0x3c networking/lib.a(inetd.o)
 .text.machtime_dg
                0x0001f6c0       0x94 networking/lib.a(inetd.o)
 .text.machtime_stream
                0x0001f754       0x24 networking/lib.a(inetd.o)
 .text.chargen_dg
                0x0001f778      0x118 networking/lib.a(inetd.o)
 .text.chargen_stream
                0x0001f890       0xb0 networking/lib.a(inetd.o)
 .text.discard_stream
                0x0001f940       0x3c networking/lib.a(inetd.o)
 .text.echo_stream
                0x0001f97c       0x50 networking/lib.a(inetd.o)
 .text.echo_dg  0x0001f9cc       0x8c networking/lib.a(inetd.o)
 .text.prepare_socket_fd
                0x0001fa58       0xd4 networking/lib.a(inetd.o)
 .text.retry_network_setup
                0x0001fb2c       0x6c networking/lib.a(inetd.o)
 .text.reread_config_file
                0x0001fb98      0x900 networking/lib.a(inetd.o)
 .text.inetd_main
                0x00020498      0xa2c networking/lib.a(inetd.o)
                0x00020498                inetd_main
 .text.get_afntype
                0x00020ec4       0x44 networking/lib.a(interface.o)
 .text.hexchar2int
                0x00020f08       0x2c networking/lib.a(interface.o)
 .text.ether_input
                0x00020f34       0xbc networking/lib.a(interface.o)
 .text.get_hwntype
                0x00020ff0       0x44 networking/lib.a(interface.o)
                0x00020ff0                get_hwntype
 .text.add_interface
                0x00021034       0xa8 networking/lib.a(interface.o)
 .text.if_readconf
                0x000210dc       0xe0 networking/lib.a(interface.o)
 .text.if_readlist_proc
                0x000211bc      0x2ac networking/lib.a(interface.o)
 .text.do_if_fetch
                0x00021468      0x2ec networking/lib.a(interface.o)
 .text.print_bytes_scaled
                0x00021754       0xb4 networking/lib.a(interface.o)
 .text.UNSPEC_print
                0x00021808       0x7c networking/lib.a(interface.o)
 .text.UNSPEC_sprint
                0x00021884       0x3c networking/lib.a(interface.o)
 .text.INET6_input
                0x000218c0        0x4 networking/lib.a(interface.o)
 .text.INET6_sprint
                0x000218c4       0x6c networking/lib.a(interface.o)
 .text.INET_input
                0x00021930        0x8 networking/lib.a(interface.o)
 .text.INET_sprint
                0x00021938       0x70 networking/lib.a(interface.o)
 .text.ife_print
                0x000219a8      0x674 networking/lib.a(interface.o)
 .text.display_interfaces
                0x0002201c       0xe4 networking/lib.a(interface.o)
                0x0002201c                display_interfaces
 .text.in_ib    0x00022100       0x28 networking/lib.a(interface.o)
                0x00022100                in_ib
 .text.ether_print
                0x00022128       0x64 networking/lib.a(interface.o)
 .text.ip_do    0x0002218c       0x18 networking/lib.a(ip.o)
 .text.iptunnel_main
                0x000221a4       0x1c networking/lib.a(ip.o)
                0x000221a4                iptunnel_main
 .text.iprule_main
                0x000221c0       0x1c networking/lib.a(ip.o)
                0x000221c0                iprule_main
 .text.iproute_main
                0x000221dc       0x1c networking/lib.a(ip.o)
                0x000221dc                iproute_main
 .text.iplink_main
                0x000221f8       0x1c networking/lib.a(ip.o)
                0x000221f8                iplink_main
 .text.ipaddr_main
                0x00022214       0x1c networking/lib.a(ip.o)
                0x00022214                ipaddr_main
 .text.ip_main  0x00022230       0x60 networking/lib.a(ip.o)
                0x00022230                ip_main
 .text.ip_print_help
                0x00022290        0x8 networking/lib.a(ip.o)
 .text.prepend_new_eth_table
                0x00022298       0xd4 networking/lib.a(nameif.o)
 .text.delete_eth_table
                0x0002236c       0x24 networking/lib.a(nameif.o)
 .text.nameif_main
                0x00022390      0x2a4 networking/lib.a(nameif.o)
                0x00022390                nameif_main
 .text.do_info  0x00022634       0x8c networking/lib.a(netstat.o)
 .text.netstat_main
                0x000226c0      0x290 networking/lib.a(netstat.o)
                0x000226c0                netstat_main
 .text.build_ipv4_addr
                0x00022950       0x34 networking/lib.a(netstat.o)
 .text.unix_do_one
                0x00022984      0x2ec networking/lib.a(netstat.o)
 .text.build_ipv6_addr
                0x00022c70       0x7c networking/lib.a(netstat.o)
 .text.scan_inet_proc_line
                0x00022cec       0xc8 networking/lib.a(netstat.o)
 .text.ip_port_str
                0x00022db4       0xb4 networking/lib.a(netstat.o)
 .text.print_inet_line
                0x00022e68       0xe0 networking/lib.a(netstat.o)
 .text.raw_do_one
                0x00022f48       0xa8 networking/lib.a(netstat.o)
 .text.udp_do_one
                0x00022ff0       0xe8 networking/lib.a(netstat.o)
 .text.tcp_do_one
                0x000230d8       0x7c networking/lib.a(netstat.o)
 .text.print_host
                0x00023154      0x124 networking/lib.a(nslookup.o)
 .text.nslookup_main
                0x00023278      0x108 networking/lib.a(nslookup.o)
                0x00023278                nslookup_main
 .text.sendping4
                0x00023380      0x180 networking/lib.a(ping.o)
 .text.print_stats_and_exit
                0x00023500      0x198 networking/lib.a(ping.o)
 .text.ping_main
                0x00023698      0x5fc networking/lib.a(ping.o)
                0x00023698                ping_main
 .text.set_flags
                0x00023c94       0x58 networking/lib.a(route.o)
 .text.kw_lookup
                0x00023cec       0x84 networking/lib.a(route.o)
 .text.INET6_setroute
                0x00023d70      0x2a0 networking/lib.a(route.o)
 .text.INET_setroute
                0x00024010      0x420 networking/lib.a(route.o)
 .text.bb_displayroutes
                0x00024430      0x224 networking/lib.a(route.o)
                0x00024430                bb_displayroutes
 .text.route_main
                0x00024654      0x384 networking/lib.a(route.o)
                0x00024654                route_main
 .text.put_iac  0x000249d8       0x30 networking/lib.a(telnet.o)
 .text.iac_flush
                0x00024a08       0x38 networking/lib.a(telnet.o)
 .text.put_iac2
                0x00024a40       0x4c networking/lib.a(telnet.o)
 .text.cookmode
                0x00024a8c       0x34 networking/lib.a(telnet.o)
 .text.rawmode  0x00024ac0       0x34 networking/lib.a(telnet.o)
 .text.setConMode
                0x00024af4       0x94 networking/lib.a(telnet.o)
 .text.doexit   0x00024b88       0x10 networking/lib.a(telnet.o)
 .text.con_escape
                0x00024b98      0x174 networking/lib.a(telnet.o)
 .text.telnet_main
                0x00024d0c      0x714 networking/lib.a(telnet.o)
                0x00024d0c                telnet_main
 .text.tftp_blksize_check
                0x00025420       0x74 networking/lib.a(tftp.o)
 .text.tftp_main
                0x00025494      0x80c networking/lib.a(tftp.o)
                0x00025494                tftp_main
 .text.traceroute_main
                0x00025ca0      0xa10 networking/lib.a(traceroute.o)
                0x00025ca0                traceroute_main
 .text.xfind_str
                0x000266b0       0x40 networking/lib.a(vconfig.o)
 .text.vconfig_main
                0x000266f0      0x148 networking/lib.a(vconfig.o)
                0x000266f0                vconfig_main
 .text.sanitize_string
                0x00026838       0x24 networking/lib.a(wget.o)
 .text.open_socket
                0x0002685c       0x3c networking/lib.a(wget.o)
 .text.base64enc
                0x00026898       0x54 networking/lib.a(wget.o)
 .text.fgets_and_trim
                0x000268ec       0x7c networking/lib.a(wget.o)
 .text.parse_url
                0x00026968      0x1d4 networking/lib.a(wget.o)
 .text.gethdr   0x00026b3c       0xdc networking/lib.a(wget.o)
 .text.progress_meter
                0x00026c18       0xdc networking/lib.a(wget.o)
 .text.retrieve_file_data
                0x00026cf4      0x22c networking/lib.a(wget.o)
 .text.ftpcmd   0x00026f20       0xa0 networking/lib.a(wget.o)
 .text.wget_main
                0x00026fc0      0xbb0 networking/lib.a(wget.o)
                0x00026fc0                wget_main
 .text.ip_parse_common_args
                0x00027b70      0x114 networking/libiproute/lib.a(ip_parse_common_args.o)
                0x00027b70                ip_parse_common_args
 .text.flush_update
                0x00027c84       0x5c networking/libiproute/lib.a(ipaddress.o)
 .text.print_linkinfo
                0x00027ce0      0x43c networking/libiproute/lib.a(ipaddress.o)
 .text.print_addrinfo
                0x0002811c      0x5b0 networking/libiproute/lib.a(ipaddress.o)
 .text.ipaddr_list_or_flush
                0x000286cc      0x5a4 networking/libiproute/lib.a(ipaddress.o)
                0x000286cc                ipaddr_list_or_flush
 .text.do_ipaddr
                0x00028c70      0x608 networking/libiproute/lib.a(ipaddress.o)
                0x00028c70                do_ipaddr
 .text.store_nlmsg
                0x00029278       0x60 networking/libiproute/lib.a(ipaddress.o)
 .text.die_must_be_on_off
                0x000292d8       0x20 networking/libiproute/lib.a(iplink.o)
 .text.parse_address
                0x000292f8       0x8c networking/libiproute/lib.a(iplink.o)
 .text.get_ctl_fd
                0x00029384       0x48 networking/libiproute/lib.a(iplink.o)
 .text.set_address
                0x000293cc       0x64 networking/libiproute/lib.a(iplink.o)
 .text.do_iplink
                0x00029430      0x7d4 networking/libiproute/lib.a(iplink.o)
                0x00029430                do_iplink
 .text.iproute_reset_filter
                0x00029c04       0x3c networking/libiproute/lib.a(iproute.o)
 .text.flush_update
                0x00029c40       0x5c networking/libiproute/lib.a(iproute.o)
 .text.print_route
                0x00029c9c      0x7fc networking/libiproute/lib.a(iproute.o)
 .text.iproute_list_or_flush
                0x0002a498      0x578 networking/libiproute/lib.a(iproute.o)
 .text.do_iproute
                0x0002aa10      0x98c networking/libiproute/lib.a(iproute.o)
                0x0002aa10                do_iproute
 .text.do_iprule
                0x0002b39c      0x4cc networking/libiproute/lib.a(iprule.o)
                0x0002b39c                do_iprule
 .text.print_rule
                0x0002b868      0x334 networking/libiproute/lib.a(iprule.o)
 .text.do_get_ioctl
                0x0002bb9c       0x70 networking/libiproute/lib.a(iptunnel.o)
 .text.do_del_ioctl
                0x0002bc0c       0x78 networking/libiproute/lib.a(iptunnel.o)
 .text.do_add_ioctl
                0x0002bc84       0xac networking/libiproute/lib.a(iptunnel.o)
 .text.parse_args
                0x0002bd30      0x6f0 networking/libiproute/lib.a(iptunnel.o)
 .text.do_add   0x0002c420       0xb8 networking/libiproute/lib.a(iptunnel.o)
 .text.print_tunnel
                0x0002c4d8      0x364 networking/libiproute/lib.a(iptunnel.o)
 .text.do_iptunnel
                0x0002c83c      0x45c networking/libiproute/lib.a(iptunnel.o)
                0x0002c83c                do_iptunnel
 .text.parse_rtattr
                0x0002cc98       0x7c networking/libiproute/lib.a(libnetlink.o)
                0x0002cc98                parse_rtattr
 .text.rta_addattr32
                0x0002cd14       0x68 networking/libiproute/lib.a(libnetlink.o)
                0x0002cd14                rta_addattr32
 .text.addattr_l
                0x0002cd7c       0x64 networking/libiproute/lib.a(libnetlink.o)
                0x0002cd7c                addattr_l
 .text.addattr32
                0x0002cde0       0x68 networking/libiproute/lib.a(libnetlink.o)
                0x0002cde0                addattr32
 .text.rtnl_talk
                0x0002ce48      0x2dc networking/libiproute/lib.a(libnetlink.o)
                0x0002ce48                rtnl_talk
 .text.xrtnl_dump_filter
                0x0002d124      0x21c networking/libiproute/lib.a(libnetlink.o)
                0x0002d124                xrtnl_dump_filter
 .text.rtnl_send
                0x0002d340       0x54 networking/libiproute/lib.a(libnetlink.o)
                0x0002d340                rtnl_send
 .text.xrtnl_wilddump_request
                0x0002d394       0x4c networking/libiproute/lib.a(libnetlink.o)
                0x0002d394                xrtnl_wilddump_request
 .text.xrtnl_open
                0x0002d3e0       0x68 networking/libiproute/lib.a(libnetlink.o)
                0x0002d3e0                xrtnl_open
 .text.ll_addr_a2n
                0x0002d448       0xfc networking/libiproute/lib.a(ll_addr.o)
                0x0002d448                ll_addr_a2n
 .text.ll_addr_n2a
                0x0002d544       0xc4 networking/libiproute/lib.a(ll_addr.o)
                0x0002d544                ll_addr_n2a
 .text.find_by_index
                0x0002d608       0x4c networking/libiproute/lib.a(ll_map.o)
 .text.ll_index_to_flags
                0x0002d654       0x24 networking/libiproute/lib.a(ll_map.o)
                0x0002d654                ll_index_to_flags
 .text.ll_init_map
                0x0002d678       0x40 networking/libiproute/lib.a(ll_map.o)
                0x0002d678                ll_init_map
 .text.xll_name_to_index
                0x0002d6b8       0x90 networking/libiproute/lib.a(ll_map.o)
                0x0002d6b8                xll_name_to_index
 .text.ll_idx_n2a
                0x0002d748       0x60 networking/libiproute/lib.a(ll_map.o)
                0x0002d748                ll_idx_n2a
 .text.ll_index_to_name
                0x0002d7a8       0x1c networking/libiproute/lib.a(ll_map.o)
                0x0002d7a8                ll_index_to_name
 .text.ll_remember_index
                0x0002d7c4      0x144 networking/libiproute/lib.a(ll_map.o)
                0x0002d7c4                ll_remember_index
 .text.ll_type_n2a
                0x0002d908       0x80 networking/libiproute/lib.a(ll_types.o)
                0x0002d908                ll_type_n2a
 .text.rtnl_tab_initialize
                0x0002d988       0xa8 networking/libiproute/lib.a(rt_names.o)
 .text.rtnl_rttable_initialize
                0x0002da30       0x94 networking/libiproute/lib.a(rt_names.o)
 .text.rtnl_rtdsfield_initialize
                0x0002dac4       0x58 networking/libiproute/lib.a(rt_names.o)
 .text.rtnl_rtrealm_initialize
                0x0002db1c       0x58 networking/libiproute/lib.a(rt_names.o)
 .text.rtnl_rtscope_initialize
                0x0002db74       0x9c networking/libiproute/lib.a(rt_names.o)
 .text.rtnl_a2n
                0x0002dc10       0xa8 networking/libiproute/lib.a(rt_names.o)
 .text.rtnl_rttable_a2n
                0x0002dcb8       0x3c networking/libiproute/lib.a(rt_names.o)
                0x0002dcb8                rtnl_rttable_a2n
 .text.rtnl_dsfield_a2n
                0x0002dcf4       0x3c networking/libiproute/lib.a(rt_names.o)
                0x0002dcf4                rtnl_dsfield_a2n
 .text.rtnl_rtrealm_a2n
                0x0002dd30       0x3c networking/libiproute/lib.a(rt_names.o)
                0x0002dd30                rtnl_rtrealm_a2n
 .text.rtnl_rtscope_a2n
                0x0002dd6c       0x3c networking/libiproute/lib.a(rt_names.o)
                0x0002dd6c                rtnl_rtscope_a2n
 .text.rtnl_rttable_n2a
                0x0002dda8       0x7c networking/libiproute/lib.a(rt_names.o)
                0x0002dda8                rtnl_rttable_n2a
 .text.rtnl_dsfield_n2a
                0x0002de24       0x80 networking/libiproute/lib.a(rt_names.o)
                0x0002de24                rtnl_dsfield_n2a
 .text.rtnl_rtrealm_n2a
                0x0002dea4       0x7c networking/libiproute/lib.a(rt_names.o)
                0x0002dea4                rtnl_rtrealm_n2a
 .text.rtnl_rtscope_n2a
                0x0002df20       0x7c networking/libiproute/lib.a(rt_names.o)
                0x0002df20                rtnl_rtscope_n2a
 .text.rtnl_rtprot_initialize
                0x0002df9c       0x84 networking/libiproute/lib.a(rt_names.o)
 .text.rtnl_rtprot_a2n
                0x0002e020       0x3c networking/libiproute/lib.a(rt_names.o)
                0x0002e020                rtnl_rtprot_a2n
 .text.get_rt_realms
                0x0002e05c       0xa4 networking/libiproute/lib.a(rtm_map.o)
                0x0002e05c                get_rt_realms
 .text.rtnl_rtntype_a2n
                0x0002e100       0xf4 networking/libiproute/lib.a(rtm_map.o)
                0x0002e100                rtnl_rtntype_a2n
 .text.rtnl_rtntype_n2a
                0x0002e1f4      0x104 networking/libiproute/lib.a(rtm_map.o)
                0x0002e1f4                rtnl_rtntype_n2a
 .text.rt_addr_n2a
                0x0002e2f8       0x38 networking/libiproute/lib.a(utils.o)
                0x0002e2f8                rt_addr_n2a
 .text.inet_addr_match
                0x0002e330       0x88 networking/libiproute/lib.a(utils.o)
                0x0002e330                inet_addr_match
 .text.duparg2  0x0002e3b8       0x28 networking/libiproute/lib.a(utils.o)
                0x0002e3b8                duparg2
 .text.duparg   0x0002e3e0       0x28 networking/libiproute/lib.a(utils.o)
                0x0002e3e0                duparg
 .text.invarg   0x0002e408       0x28 networking/libiproute/lib.a(utils.o)
                0x0002e408                invarg
 .text.incomplete_command
                0x0002e430       0x1c networking/libiproute/lib.a(utils.o)
                0x0002e430                incomplete_command
 .text.get_addr_1
                0x0002e44c      0x194 networking/libiproute/lib.a(utils.o)
                0x0002e44c                get_addr_1
 .text.get_addr32
                0x0002e5e0       0x68 networking/libiproute/lib.a(utils.o)
                0x0002e5e0                get_addr32
 .text.get_addr
                0x0002e648       0x6c networking/libiproute/lib.a(utils.o)
                0x0002e648                get_addr
 .text.get_prefix
                0x0002e6b4      0x1f4 networking/libiproute/lib.a(utils.o)
                0x0002e6b4                get_prefix
 .text.get_u32  0x0002e8a8       0x44 networking/libiproute/lib.a(utils.o)
                0x0002e8a8                get_u32
 .text.get_unsigned
                0x0002e8ec       0x44 networking/libiproute/lib.a(utils.o)
                0x0002e8ec                get_unsigned
 .text.alloc_dhcp_option
                0x0002e930       0x58 networking/udhcp/lib.a(dhcpc.o)
 .text.init_packet
                0x0002e988       0xb0 networking/udhcp/lib.a(dhcpc.o)
 .text.add_client_options
                0x0002ea38      0x194 networking/udhcp/lib.a(dhcpc.o)
 .text.raw_bcast_from_client_config_ifindex
                0x0002ebcc       0x58 networking/udhcp/lib.a(dhcpc.o)
 .text.send_decline
                0x0002ec24       0x6c networking/udhcp/lib.a(dhcpc.o)
 .text.send_select
                0x0002ec90       0x88 networking/udhcp/lib.a(dhcpc.o)
 .text.send_discover
                0x0002ed18       0x70 networking/udhcp/lib.a(dhcpc.o)
 .text.send_renew
                0x0002ed88       0x88 networking/udhcp/lib.a(dhcpc.o)
 .text.udhcp_recv_raw_packet
                0x0002ee10      0x180 networking/udhcp/lib.a(dhcpc.o)
 .text.client_background
                0x0002ef90       0x48 networking/udhcp/lib.a(dhcpc.o)
 .text.sprint_nip
                0x0002efd8       0x48 networking/udhcp/lib.a(dhcpc.o)
 .text.xmalloc_optname_optval
                0x0002f020      0x42c networking/udhcp/lib.a(dhcpc.o)
 .text.udhcp_run_script
                0x0002f44c      0x3a0 networking/udhcp/lib.a(dhcpc.o)
 .text.change_listen_mode
                0x0002f7ec       0xec networking/udhcp/lib.a(dhcpc.o)
 .text.perform_release
                0x0002f8d8       0xf4 networking/udhcp/lib.a(dhcpc.o)
 .text.udhcpc_main
                0x0002f9cc      0xbb8 networking/udhcp/lib.a(dhcpc.o)
                0x0002f9cc                udhcpc_main
 .text.udhcp_send_kernel_packet
                0x00030584      0x158 networking/udhcp/lib.a(packet.o)
                0x00030584                udhcp_send_kernel_packet
 .text.udhcp_send_raw_packet
                0x000306dc      0x248 networking/udhcp/lib.a(packet.o)
                0x000306dc                udhcp_send_raw_packet
 .text.udhcp_recv_kernel_packet
                0x00030924       0x8c networking/udhcp/lib.a(packet.o)
                0x00030924                udhcp_recv_kernel_packet
 .text.udhcp_init_header
                0x000309b0       0x84 networking/udhcp/lib.a(packet.o)
                0x000309b0                udhcp_init_header
 .text.udhcp_sp_read
                0x00030a34       0x54 networking/udhcp/lib.a(signalpipe.o)
                0x00030a34                udhcp_sp_read
 .text.udhcp_sp_fd_set
                0x00030a88       0x8c networking/udhcp/lib.a(signalpipe.o)
                0x00030a88                udhcp_sp_fd_set
 .text.udhcp_sp_setup
                0x00030b14       0x54 networking/udhcp/lib.a(signalpipe.o)
                0x00030b14                udhcp_sp_setup
 .text.signal_handler
                0x00030b68       0x4c networking/udhcp/lib.a(signalpipe.o)
 .text.udhcp_listen_socket
                0x00030bb4       0xb4 networking/udhcp/lib.a(socket.o)
                0x00030bb4                udhcp_listen_socket
 .text.udhcp_read_interface
                0x00030c68      0x12c networking/udhcp/lib.a(socket.o)
                0x00030c68                udhcp_read_interface
 .text.arpping  0x00030d94      0x228 networking/udhcp/lib.a(arpping.o)
                0x00030d94                arpping
 .text.udhcp_end_option
                0x00030fbc       0x34 networking/udhcp/lib.a(common.o)
                0x00030fbc                udhcp_end_option
 .text.udhcp_find_option
                0x00030ff0       0x28 networking/udhcp/lib.a(common.o)
                0x00030ff0                udhcp_find_option
 .text.sprint_nip6
                0x00031018       0x7c networking/udhcp/lib.a(common.o)
                0x00031018                sprint_nip6
 .text.allocate_tempopt_if_needed
                0x00031094       0x80 networking/udhcp/lib.a(common.o)
 .text.attach_option
                0x00031114      0x158 networking/udhcp/lib.a(common.o)
 .text.udhcp_str2nip
                0x0003126c       0x48 networking/udhcp/lib.a(common.o)
                0x0003126c                udhcp_str2nip
 .text.udhcp_add_binary_option
                0x000312b4       0x68 networking/udhcp/lib.a(common.o)
                0x000312b4                udhcp_add_binary_option
 .text.udhcp_add_simple_option
                0x0003131c       0x9c networking/udhcp/lib.a(common.o)
                0x0003131c                udhcp_add_simple_option
 .text.udhcp_get_option
                0x000313b8       0xe4 networking/udhcp/lib.a(common.o)
                0x000313b8                udhcp_get_option
 .text.udhcp_option_idx
                0x0003149c       0x8c networking/udhcp/lib.a(common.o)
                0x0003149c                udhcp_option_idx
 .text.udhcp_str2optset
                0x00031528      0x2f0 networking/udhcp/lib.a(common.o)
                0x00031528                udhcp_str2optset
 .text.scale    0x00031818       0x30 procps/lib.a(free.o)
 .text.free_main
                0x00031848      0x24c procps/lib.a(free.o)
                0x00031848                free_main
 .text.search_dev_inode
                0x00031a94       0x98 procps/lib.a(fuser.o)
 .text.add_inode
                0x00031b2c       0x98 procps/lib.a(fuser.o)
 .text.scan_proc_net_or_maps
                0x00031bc4      0x1c0 procps/lib.a(fuser.o)
 .text.scan_recursive
                0x00031d84      0x200 procps/lib.a(fuser.o)
 .text.fuser_main
                0x00031f84      0x1c0 procps/lib.a(fuser.o)
                0x00031f84                fuser_main
 .text.kill_main
                0x00032144      0x4d0 procps/lib.a(kill.o)
                0x00032144                kill_main
 .text.lsof_main
                0x00032614       0xdc procps/lib.a(lsof.o)
                0x00032614                lsof_main
 .text.pidof_main
                0x000326f0      0x158 procps/lib.a(pidof.o)
                0x000326f0                pidof_main
 .text.new_out_t
                0x00032848       0x4c procps/lib.a(ps.o)
 .text.func_pgid
                0x00032894       0x34 procps/lib.a(ps.o)
 .text.func_ppid
                0x000328c8       0x34 procps/lib.a(ps.o)
 .text.func_pid
                0x000328fc       0x34 procps/lib.a(ps.o)
 .text.find_out_spec
                0x00032930       0xa4 procps/lib.a(ps.o)
 .text.parse_o  0x000329d4      0x12c procps/lib.a(ps.o)
 .text.put_lu   0x00032b00       0x60 procps/lib.a(ps.o)
 .text.func_rss
                0x00032b60        0x8 procps/lib.a(ps.o)
 .text.func_vsz
                0x00032b68        0x8 procps/lib.a(ps.o)
 .text.func_state
                0x00032b70       0x10 procps/lib.a(ps.o)
 .text.func_comm
                0x00032b80       0x10 procps/lib.a(ps.o)
 .text.func_tty
                0x00032b90       0x50 procps/lib.a(ps.o)
 .text.func_args
                0x00032be0       0x10 procps/lib.a(ps.o)
 .text.func_group
                0x00032bf0       0x28 procps/lib.a(ps.o)
 .text.func_user
                0x00032c18       0x28 procps/lib.a(ps.o)
 .text.ps_main  0x00032c40      0x2c0 procps/lib.a(ps.o)
                0x00032c40                ps_main
 .text.renice_main
                0x00032f00      0x1b8 procps/lib.a(renice.o)
                0x00032f00                renice_main
 .text.sysctl_dots_to_slashes
                0x000330b8       0x74 procps/lib.a(sysctl.o)
 .text.sysctl_act_recursive
                0x0003312c      0x31c procps/lib.a(sysctl.o)
 .text.sysctl_main
                0x00033448      0x150 procps/lib.a(sysctl.o)
                0x00033448                sysctl_main
 .text.pid_sort
                0x00033598       0x10 procps/lib.a(top.o)
 .text.mem_sort
                0x000335a8       0x20 procps/lib.a(top.o)
 .text.pcpu_sort
                0x000335c8       0x10 procps/lib.a(top.o)
 .text.time_sort
                0x000335d8       0x20 procps/lib.a(top.o)
 .text.mult_lvl_cmp
                0x000335f8       0x68 procps/lib.a(top.o)
 .text.read_cpu_jiffy
                0x00033660      0x128 procps/lib.a(top.o)
 .text.do_stats
                0x00033788      0x168 procps/lib.a(top.o)
 .text.display_process_list
                0x000338f0      0x618 procps/lib.a(top.o)
 .text.clearmems
                0x00033f08       0x38 procps/lib.a(top.o)
 .text.reset_term
                0x00033f40       0x34 procps/lib.a(top.o)
 .text.handle_input
                0x00033f74      0x16c procps/lib.a(top.o)
 .text.top_main
                0x000340e0      0x34c procps/lib.a(top.o)
                0x000340e0                top_main
 .text.sig_catcher
                0x0003442c       0x10 procps/lib.a(top.o)
 .text.uptime_main
                0x0003443c      0x16c procps/lib.a(uptime.o)
                0x0003443c                uptime_main
 .text.watch_main
                0x000345a8      0x164 procps/lib.a(watch.o)
                0x000345a8                watch_main
 .text.isdigit_str9
                0x0003470c       0x38 shell/lib.a(ash.o)
 .text.var_end  0x00034744       0x20 shell/lib.a(ash.o)
 .text.stunalloc
                0x00034764       0x38 shell/lib.a(ash.o)
 .text.setstackmark
                0x0003479c       0x3c shell/lib.a(ash.o)
 .text.prefix   0x000347d8       0x30 shell/lib.a(ash.o)
 .text.is_number
                0x00034808       0x30 shell/lib.a(ash.o)
 .text.varcmp   0x00034838       0x48 shell/lib.a(ash.o)
 .text.hashvar  0x00034880       0x60 shell/lib.a(ash.o)
 .text.vpcmp    0x000348e0        0xc shell/lib.a(ash.o)
 .text.findvar  0x000348ec       0x3c shell/lib.a(ash.o)
 .text.lookupvar
                0x00034928       0x58 shell/lib.a(ash.o)
 .text.bltinlookup
                0x00034980       0x5c shell/lib.a(ash.o)
 .text.set_curjob
                0x000349dc       0x80 shell/lib.a(ash.o)
 .text.jobno    0x00034a5c       0x34 shell/lib.a(ash.o)
 .text.getstatus
                0x00034a90       0x9c shell/lib.a(ash.o)
 .text.need_to_remember
                0x00034b2c       0x40 shell/lib.a(ash.o)
 .text.is_hidden_fd
                0x00034b6c       0x84 shell/lib.a(ash.o)
 .text.esclen   0x00034bf0       0x28 shell/lib.a(ash.o)
 .text.falsecmd
                0x00034c18        0x8 shell/lib.a(ash.o)
 .text.truecmd  0x00034c20        0x8 shell/lib.a(ash.o)
 .text.bltincmd
                0x00034c28       0x1c shell/lib.a(ash.o)
 .text.pungetc  0x00034c44       0x34 shell/lib.a(ash.o)
 .text.pushfile
                0x00034c78       0x38 shell/lib.a(ash.o)
 .text.freealias
                0x00034cb0       0x44 shell/lib.a(ash.o)
 .text.freeparam
                0x00034cf4       0x3c shell/lib.a(ash.o)
 .text.freefunc
                0x00034d30       0x20 shell/lib.a(ash.o)
 .text.ignoresig
                0x00034d50       0x50 shell/lib.a(ash.o)
 .text.raise_exception
                0x00034da0       0x38 shell/lib.a(ash.o)
 .text.raise_interrupt
                0x00034dd8       0x80 shell/lib.a(ash.o)
 .text.signal_handler
                0x00034e58       0x6c shell/lib.a(ash.o)
 .text.force_int_on
                0x00034ec4       0x38 shell/lib.a(ash.o)
 .text.int_on   0x00034efc       0x48 shell/lib.a(ash.o)
 .text.delete_cmd_entry
                0x00034f44       0x68 shell/lib.a(ash.o)
 .text.clearcmdentry
                0x00034fac       0xb0 shell/lib.a(ash.o)
 .text.changepath
                0x0003505c      0x110 shell/lib.a(ash.o)
 .text.removerecordregions
                0x0003516c      0x140 shell/lib.a(ash.o)
 .text.recordregion
                0x000352ac       0x8c shell/lib.a(ash.o)
 .text.freejob  0x00035338       0x98 shell/lib.a(ash.o)
 .text.popstackmark
                0x000353d0       0x98 shell/lib.a(ash.o)
 .text.pstrcmp  0x00035468        0xc shell/lib.a(ash.o)
 .text.msort    0x00035474       0xbc shell/lib.a(ash.o)
 .text.__lookupalias
                0x00035530       0x7c shell/lib.a(ash.o)
 .text.unalias  0x000355ac       0x5c shell/lib.a(ash.o)
 .text.popstring
                0x00035608       0xe0 shell/lib.a(ash.o)
 .text.popfile  0x000356e8       0x80 shell/lib.a(ash.o)
 .text.popallfiles
                0x00035768       0x3c shell/lib.a(ash.o)
 .text.lookupalias
                0x000357a4       0x2c shell/lib.a(ash.o)
 .text.flush_stdout_stderr
                0x000357d0       0x38 shell/lib.a(ash.o)
 .text.outcslow
                0x00035808       0x44 shell/lib.a(ash.o)
 .text.ash_vmsg
                0x0003584c       0xf4 shell/lib.a(ash.o)
 .text.ash_vmsg_and_raise
                0x00035940       0x1c shell/lib.a(ash.o)
 .text.ash_msg_and_raise
                0x0003595c       0x1c shell/lib.a(ash.o)
 .text.ash_msg_and_raise_error
                0x00035978       0x20 shell/lib.a(ash.o)
 .text.varunset
                0x00035998       0x94 shell/lib.a(ash.o)
 .text.copyfd   0x00035a2c       0x70 shell/lib.a(ash.o)
 .text.popredir
                0x00035a9c       0xf8 shell/lib.a(ash.o)
 .text.clearredir
                0x00035b94       0x44 shell/lib.a(ash.o)
 .text.nextopt  0x00035bd8      0x120 shell/lib.a(ash.o)
 .text.unaliascmd
                0x00035cf8      0x118 shell/lib.a(ash.o)
 .text.cdopt    0x00035e10       0x48 shell/lib.a(ash.o)
 .text.raise_error_syntax
                0x00035e58       0x20 shell/lib.a(ash.o)
 .text.stalloc  0x00035e78       0xb8 shell/lib.a(ash.o)
 .text.SIT      0x00035f30       0xa4 shell/lib.a(ash.o)
 .text.setparam
                0x00035fd4       0x94 shell/lib.a(ash.o)
 .text.setvareq
                0x00036068      0x128 shell/lib.a(ash.o)
 .text.listsetvar
                0x00036190       0x5c shell/lib.a(ash.o)
 .text.ash_msg  0x000361ec       0x28 shell/lib.a(ash.o)
 .text.out1fmt  0x00036214       0x5c shell/lib.a(ash.o)
 .text.options  0x00036270      0x2f8 shell/lib.a(ash.o)
 .text.setinputfile
                0x00036568      0x108 shell/lib.a(ash.o)
 .text.setsignal
                0x00036670      0x1a4 shell/lib.a(ash.o)
 .text.xtcsetpgrp
                0x00036814       0x2c shell/lib.a(ash.o)
 .text.setjobctl
                0x00036840      0x1d4 shell/lib.a(ash.o)
 .text.optschanged
                0x00036a14       0x90 shell/lib.a(ash.o)
 .text.goodname
                0x00036aa4       0x18 shell/lib.a(ash.o)
 .text.isassignment
                0x00036abc       0x2c shell/lib.a(ash.o)
 .text.setinputstring
                0x00036ae8       0x68 shell/lib.a(ash.o)
 .text.pushstring
                0x00036b50       0xb0 shell/lib.a(ash.o)
 .text.calcsize
                0x00036c00      0x140 shell/lib.a(ash.o)
 .text.sizenodelist
                0x00036d40       0x44 shell/lib.a(ash.o)
 .text.forkchild
                0x00036d84      0x310 shell/lib.a(ash.o)
 .text.setvar   0x00037094       0xfc shell/lib.a(ash.o)
 .text.change_random
                0x00037190       0x90 shell/lib.a(ash.o)
 .text.localcmd
                0x00037220      0x144 shell/lib.a(ash.o)
 .text.setpwd   0x00037364      0x130 shell/lib.a(ash.o)
 .text.pwdcmd   0x00037494       0x6c shell/lib.a(ash.o)
 .text.unsetvar
                0x00037500       0xc8 shell/lib.a(ash.o)
 .text.setvar2  0x000375c8        0x8 shell/lib.a(ash.o)
 .text.ststrdup
                0x000375d0       0x28 shell/lib.a(ash.o)
 .text.getjob   0x000375f8      0x1b8 shell/lib.a(ash.o)
 .text.number   0x000377b0       0x40 shell/lib.a(ash.o)
 .text.shiftcmd
                0x000377f0       0xb4 shell/lib.a(ash.o)
 .text.breakcmd
                0x000378a4       0x98 shell/lib.a(ash.o)
 .text.returncmd
                0x0003793c       0x50 shell/lib.a(ash.o)
 .text.outstr   0x0003798c       0x38 shell/lib.a(ash.o)
 .text.out2str  0x000379c4       0x2c shell/lib.a(ash.o)
 .text.stoppedjobs
                0x000379f0       0x74 shell/lib.a(ash.o)
 .text.exitcmd  0x00037a64       0x4c shell/lib.a(ash.o)
 .text.out1str  0x00037ab0       0x20 shell/lib.a(ash.o)
 .text.stzalloc